Archive member included to satisfy reference by file (symbol)

C:/ST/STM32CubeIDE_1.16.1/STM32CubeIDE/plugins/com.st.stm32cube.ide.mcu.externaltools.gnu-tools-for-stm32.12.3.rel1.win32_1.0.200.202406191623/tools/bin/../lib/gcc/arm-none-eabi/12.3.1/../../../../arm-none-eabi/lib/thumb/v7e-m+fp/hard\libc_nano.a(libc_a-exit.o)
                              C:/ST/STM32CubeIDE_1.16.1/STM32CubeIDE/plugins/com.st.stm32cube.ide.mcu.externaltools.gnu-tools-for-stm32.12.3.rel1.win32_1.0.200.202406191623/tools/bin/../lib/gcc/arm-none-eabi/12.3.1/../../../../arm-none-eabi/lib/thumb/v7e-m+fp/hard/crt0.o (exit)
C:/ST/STM32CubeIDE_1.16.1/STM32CubeIDE/plugins/com.st.stm32cube.ide.mcu.externaltools.gnu-tools-for-stm32.12.3.rel1.win32_1.0.200.202406191623/tools/bin/../lib/gcc/arm-none-eabi/12.3.1/../../../../arm-none-eabi/lib/thumb/v7e-m+fp/hard\libc_nano.a(libc_a-findfp.o)
                              C:/ST/STM32CubeIDE_1.16.1/STM32CubeIDE/plugins/com.st.stm32cube.ide.mcu.externaltools.gnu-tools-for-stm32.12.3.rel1.win32_1.0.200.202406191623/tools/bin/../lib/gcc/arm-none-eabi/12.3.1/../../../../arm-none-eabi/lib/thumb/v7e-m+fp/hard\libc_nano.a(libc_a-exit.o) (__stdio_exit_handler)
C:/ST/STM32CubeIDE_1.16.1/STM32CubeIDE/plugins/com.st.stm32cube.ide.mcu.externaltools.gnu-tools-for-stm32.12.3.rel1.win32_1.0.200.202406191623/tools/bin/../lib/gcc/arm-none-eabi/12.3.1/../../../../arm-none-eabi/lib/thumb/v7e-m+fp/hard\libc_nano.a(libc_a-fwalk.o)
                              C:/ST/STM32CubeIDE_1.16.1/STM32CubeIDE/plugins/com.st.stm32cube.ide.mcu.externaltools.gnu-tools-for-stm32.12.3.rel1.win32_1.0.200.202406191623/tools/bin/../lib/gcc/arm-none-eabi/12.3.1/../../../../arm-none-eabi/lib/thumb/v7e-m+fp/hard\libc_nano.a(libc_a-findfp.o) (_fwalk_sglue)
C:/ST/STM32CubeIDE_1.16.1/STM32CubeIDE/plugins/com.st.stm32cube.ide.mcu.externaltools.gnu-tools-for-stm32.12.3.rel1.win32_1.0.200.202406191623/tools/bin/../lib/gcc/arm-none-eabi/12.3.1/../../../../arm-none-eabi/lib/thumb/v7e-m+fp/hard\libc_nano.a(libc_a-stdio.o)
                              C:/ST/STM32CubeIDE_1.16.1/STM32CubeIDE/plugins/com.st.stm32cube.ide.mcu.externaltools.gnu-tools-for-stm32.12.3.rel1.win32_1.0.200.202406191623/tools/bin/../lib/gcc/arm-none-eabi/12.3.1/../../../../arm-none-eabi/lib/thumb/v7e-m+fp/hard\libc_nano.a(libc_a-findfp.o) (__sread)
C:/ST/STM32CubeIDE_1.16.1/STM32CubeIDE/plugins/com.st.stm32cube.ide.mcu.externaltools.gnu-tools-for-stm32.12.3.rel1.win32_1.0.200.202406191623/tools/bin/../lib/gcc/arm-none-eabi/12.3.1/../../../../arm-none-eabi/lib/thumb/v7e-m+fp/hard\libc_nano.a(libc_a-memset.o)
                              C:/ST/STM32CubeIDE_1.16.1/STM32CubeIDE/plugins/com.st.stm32cube.ide.mcu.externaltools.gnu-tools-for-stm32.12.3.rel1.win32_1.0.200.202406191623/tools/bin/../lib/gcc/arm-none-eabi/12.3.1/../../../../arm-none-eabi/lib/thumb/v7e-m+fp/hard/crt0.o (memset)
C:/ST/STM32CubeIDE_1.16.1/STM32CubeIDE/plugins/com.st.stm32cube.ide.mcu.externaltools.gnu-tools-for-stm32.12.3.rel1.win32_1.0.200.202406191623/tools/bin/../lib/gcc/arm-none-eabi/12.3.1/../../../../arm-none-eabi/lib/thumb/v7e-m+fp/hard\libc_nano.a(libc_a-closer.o)
                              C:/ST/STM32CubeIDE_1.16.1/STM32CubeIDE/plugins/com.st.stm32cube.ide.mcu.externaltools.gnu-tools-for-stm32.12.3.rel1.win32_1.0.200.202406191623/tools/bin/../lib/gcc/arm-none-eabi/12.3.1/../../../../arm-none-eabi/lib/thumb/v7e-m+fp/hard\libc_nano.a(libc_a-stdio.o) (_close_r)
C:/ST/STM32CubeIDE_1.16.1/STM32CubeIDE/plugins/com.st.stm32cube.ide.mcu.externaltools.gnu-tools-for-stm32.12.3.rel1.win32_1.0.200.202406191623/tools/bin/../lib/gcc/arm-none-eabi/12.3.1/../../../../arm-none-eabi/lib/thumb/v7e-m+fp/hard\libc_nano.a(libc_a-reent.o)
                              C:/ST/STM32CubeIDE_1.16.1/STM32CubeIDE/plugins/com.st.stm32cube.ide.mcu.externaltools.gnu-tools-for-stm32.12.3.rel1.win32_1.0.200.202406191623/tools/bin/../lib/gcc/arm-none-eabi/12.3.1/../../../../arm-none-eabi/lib/thumb/v7e-m+fp/hard\libc_nano.a(libc_a-closer.o) (errno)
C:/ST/STM32CubeIDE_1.16.1/STM32CubeIDE/plugins/com.st.stm32cube.ide.mcu.externaltools.gnu-tools-for-stm32.12.3.rel1.win32_1.0.200.202406191623/tools/bin/../lib/gcc/arm-none-eabi/12.3.1/../../../../arm-none-eabi/lib/thumb/v7e-m+fp/hard\libc_nano.a(libc_a-impure.o)
                              C:/ST/STM32CubeIDE_1.16.1/STM32CubeIDE/plugins/com.st.stm32cube.ide.mcu.externaltools.gnu-tools-for-stm32.12.3.rel1.win32_1.0.200.202406191623/tools/bin/../lib/gcc/arm-none-eabi/12.3.1/../../../../arm-none-eabi/lib/thumb/v7e-m+fp/hard\libc_nano.a(libc_a-reent.o) (_impure_ptr)
C:/ST/STM32CubeIDE_1.16.1/STM32CubeIDE/plugins/com.st.stm32cube.ide.mcu.externaltools.gnu-tools-for-stm32.12.3.rel1.win32_1.0.200.202406191623/tools/bin/../lib/gcc/arm-none-eabi/12.3.1/../../../../arm-none-eabi/lib/thumb/v7e-m+fp/hard\libc_nano.a(libc_a-lseekr.o)
[...]
Memory Configuration

Name             Origin             Length             Attributes
CCMRAM           0x10000000         0x00010000         xrw
RAM              0x20000000         0x00030000         xrw
FLASH            0x08000000         0x00200000         xr
*default*        0x00000000         0xffffffff

Linker script and memory map

LOAD C:/ST/STM32CubeIDE_1.16.1/STM32CubeIDE/plugins/com.st.stm32cube.ide.mcu.externaltools.gnu-tools-for-stm32.12.3.rel1.win32_1.0.200.202406191623/tools/bin/../lib/gcc/arm-none-eabi/12.3.1/thumb/v7e-m+fp/hard/crti.o
LOAD C:/ST/STM32CubeIDE_1.16.1/STM32CubeIDE/plugins/com.st.stm32cube.ide.mcu.externaltools.gnu-tools-for-stm32.12.3.rel1.win32_1.0.200.202406191623/tools/bin/../lib/gcc/arm-none-eabi/12.3.1/thumb/v7e-m+fp/hard/crtbegin.o
LOAD C:/ST/STM32CubeIDE_1.16.1/STM32CubeIDE/plugins/com.st.stm32cube.ide.mcu.externaltools.gnu-tools-for-stm32.12.3.rel1.win32_1.0.200.202406191623/tools/bin/../lib/gcc/arm-none-eabi/12.3.1/../../../../arm-none-eabi/lib/thumb/v7e-m+fp/hard/crt0.o
LOAD ./Core/Src/main.o
LOAD ./Core/Src/stm32f4xx_hal_msp.o
LOAD ./Core/Src/stm32f4xx_it.o
LOAD ./Core/Src/syscalls.o
LOAD ./Core/Src/sysmem.o
LOAD ./Core/Src/system_stm32f4xx.o
LOAD ./Core/Startup/startup_stm32f429zitx.o
LOAD ./Drivers/BSP/Components/cs43l22/cs43l22.o
LOAD ./Drivers/BSP/Components/dp83848/dp83848.o
LOAD ./Drivers/BSP/Components/exc7200/exc7200.o
LOAD ./Drivers/BSP/Components/ft3x67/ft3x67.o
LOAD ./Drivers/BSP/Components/ft6x06/ft6x06.o
LOAD ./Drivers/BSP/Components/i3g4250d/i3g4250d.o
LOAD ./Drivers/BSP/Components/ili9325/ili9325.o
LOAD ./Drivers/BSP/Components/ili9341/ili9341.o
LOAD ./Drivers/BSP/Components/l3gd20/l3gd20.o
LOAD ./Drivers/BSP/Components/lan8742/lan8742.o
LOAD ./Drivers/BSP/Components/lis302dl/lis302dl.o
LOAD ./Drivers/BSP/Components/lis3dsh/lis3dsh.o
LOAD ./Drivers/BSP/Components/ls016b8uy/ls016b8uy.o
LOAD ./Drivers/BSP/Components/lsm303agr/lsm303agr.o
LOAD ./Drivers/BSP/Components/lsm303dlhc/lsm303dlhc.o
LOAD ./Drivers/BSP/Components/mfxstm32l152/mfxstm32l152.o
LOAD ./Drivers/BSP/Components/nt35510/nt35510.o
LOAD ./Drivers/BSP/Components/otm8009a/otm8009a.o
LOAD ./Drivers/BSP/Components/ov2640/ov2640.o
LOAD ./Drivers/BSP/Components/ov5640/ov5640.o
LOAD ./Drivers/BSP/Components/s5k5cag/s5k5cag.o
LOAD ./Drivers/BSP/Components/st7735/st7735.o
LOAD ./Drivers/BSP/Components/st7789h2/st7789h2.o
LOAD ./Drivers/BSP/Components/stmpe1600/stmpe1600.o
LOAD ./Drivers/BSP/Components/stmpe811/stmpe811.o
LOAD ./Drivers/BSP/Components/ts3510/ts3510.o
LOAD ./Drivers/BSP/Components/wm8994/wm8994.o
LOAD ./Drivers/BSP/STM32F429I-Discovery/stm32f429i_discovery.o
LOAD ./Drivers/BSP/STM32F429I-Discovery/stm32f429i_discovery_eeprom.o
LOAD ./Drivers/BSP/STM32F429I-Discovery/stm32f429i_discovery_gyroscope.o
LOAD ./Drivers/BSP/STM32F429I-Discovery/stm32f429i_discovery_io.o
LOAD ./Drivers/BSP/STM32F429I-Discovery/stm32f429i_discovery_lcd.o
LOAD ./Drivers/BSP/STM32F429I-Discovery/stm32f429i_discovery_sdram.o
LOAD ./Drivers/BSP/STM32F429I-Discovery/stm32f429i_discovery_ts.o
LOAD ./Drivers/STM32F4xx_HAL_Driver/Src/stm32f4xx_hal.o
LOAD ./Drivers/STM32F4xx_HAL_Driver/Src/stm32f4xx_hal_cortex.o
LOAD ./Drivers/STM32F4xx_HAL_Driver/Src/stm32f4xx_hal_dma.o
LOAD ./Drivers/STM32F4xx_HAL_Driver/Src/stm32f4xx_hal_dma2d.o
LOAD ./Drivers/STM32F4xx_HAL_Driver/Src/stm32f4xx_hal_dma_ex.o
LOAD ./Drivers/STM32F4xx_HAL_Driver/Src/stm32f4xx_hal_exti.o
LOAD ./Drivers/STM32F4xx_HAL_Driver/Src/stm32f4xx_hal_flash.o
LOAD ./Drivers/STM32F4xx_HAL_Driver/Src/stm32f4xx_hal_flash_ex.o
LOAD ./Drivers/STM32F4xx_HAL_Driver/Src/stm32f4xx_hal_flash_ramfunc.o
LOAD ./Drivers/STM32F4xx_HAL_Driver/Src/stm32f4xx_hal_gpio.o
LOAD ./Drivers/STM32F4xx_HAL_Driver/Src/stm32f4xx_hal_i2c.o
LOAD ./Drivers/STM32F4xx_HAL_Driver/Src/stm32f4xx_hal_ltdc.o
LOAD ./Drivers/STM32F4xx_HAL_Driver/Src/stm32f4xx_hal_pcd.o
LOAD ./Drivers/STM32F4xx_HAL_Driver/Src/stm32f4xx_hal_pcd_ex.o
LOAD ./Drivers/STM32F4xx_HAL_Driver/Src/stm32f4xx_hal_pwr.o
LOAD ./Drivers/STM32F4xx_HAL_Driver/Src/stm32f4xx_hal_pwr_ex.o
LOAD ./Drivers/STM32F4xx_HAL_Driver/Src/stm32f4xx_hal_rcc.o
LOAD ./Drivers/STM32F4xx_HAL_Driver/Src/stm32f4xx_hal_rcc_ex.o
LOAD ./Drivers/STM32F4xx_HAL_Driver/Src/stm32f4xx_hal_sdram.o
LOAD ./Drivers/STM32F4xx_HAL_Driver/Src/stm32f4xx_hal_spi.o
LOAD ./Drivers/STM32F4xx_HAL_Driver/Src/stm32f4xx_hal_tim.o
LOAD ./Drivers/STM32F4xx_HAL_Driver/Src/stm32f4xx_hal_tim_ex.o
LOAD ./Drivers/STM32F4xx_HAL_Driver/Src/stm32f4xx_ll_fmc.o
LOAD ./Drivers/STM32F4xx_HAL_Driver/Src/stm32f4xx_ll_usb.o
LOAD ./Middlewares/ST/STM32_USB_Device_Library/Class/CDC/Src/usbd_cdc.o
LOAD ./Middlewares/ST/STM32_USB_Device_Library/Core/Src/usbd_core.o
LOAD ./Middlewares/ST/STM32_USB_Device_Library/Core/Src/usbd_ctlreq.o
LOAD ./Middlewares/ST/STM32_USB_Device_Library/Core/Src/usbd_ioreq.o
LOAD ./USB_DEVICE/App/usb_device.o
LOAD ./USB_DEVICE/App/usbd_cdc_if.o
LOAD ./USB_DEVICE/App/usbd_desc.o
LOAD ./USB_DEVICE/Target/usbd_conf.o
START GROUP
LOAD C:/ST/STM32CubeIDE_1.16.1/STM32CubeIDE/plugins/com.st.stm32cube.ide.mcu.externaltools.gnu-tools-for-stm32.12.3.rel1.win32_1.0.200.202406191623/tools/bin/../lib/gcc/arm-none-eabi/12.3.1/../../../../arm-none-eabi/lib/thumb/v7e-m+fp/hard\libc_nano.a
LOAD C:/ST/STM32CubeIDE_1.16.1/STM32CubeIDE/plugins/com.st.stm32cube.ide.mcu.externaltools.gnu-tools-for-stm32.12.3.rel1.win32_1.0.200.202406191623/tools/bin/../lib/gcc/arm-none-eabi/12.3.1/../../../../arm-none-eabi/lib/thumb/v7e-m+fp/hard\libm.a
END GROUP
START GROUP
LOAD C:/ST/STM32CubeIDE_1.16.1/STM32CubeIDE/plugins/com.st.stm32cube.ide.mcu.externaltools.gnu-tools-for-stm32.12.3.rel1.win32_1.0.200.202406191623/tools/bin/../lib/gcc/arm-none-eabi/12.3.1/thumb/v7e-m+fp/hard\libgcc.a
LOAD C:/ST/STM32CubeIDE_1.16.1/STM32CubeIDE/plugins/com.st.stm32cube.ide.mcu.externaltools.gnu-tools-for-stm32.12.3.rel1.win32_1.0.200.202406191623/tools/bin/../lib/gcc/arm-none-eabi/12.3.1/../../../../arm-none-eabi/lib/thumb/v7e-m+fp/hard\libc_nano.a
END GROUP
START GROUP
LOAD C:/ST/STM32CubeIDE_1.16.1/STM32CubeIDE/plugins/com.st.stm32cube.ide.mcu.externaltools.gnu-tools-for-stm32.12.3.rel1.win32_1.0.200.202406191623/tools/bin/../lib/gcc/arm-none-eabi/12.3.1/thumb/v7e-m+fp/hard\libgcc.a
LOAD C:/ST/STM32CubeIDE_1.16.1/STM32CubeIDE/plugins/com.st.stm32cube.ide.mcu.externaltools.gnu-tools-for-stm32.12.3.rel1.win32_1.0.200.202406191623/tools/bin/../lib/gcc/arm-none-eabi/12.3.1/../../../../arm-none-eabi/lib/thumb/v7e-m+fp/hard\libc_nano.a
LOAD C:/ST/STM32CubeIDE_1.16.1/STM32CubeIDE/plugins/com.st.stm32cube.ide.mcu.externaltools.gnu-tools-for-stm32.12.3.rel1.win32_1.0.200.202406191623/tools/bin/../lib/gcc/arm-none-eabi/12.3.1/../../../../arm-none-eabi/lib/thumb/v7e-m+fp/hard\libnosys.a
END GROUP
START GROUP
LOAD C:/ST/STM32CubeIDE_1.16.1/STM32CubeIDE/plugins/com.st.stm32cube.ide.mcu.externaltools.gnu-tools-for-stm32.12.3.rel1.win32_1.0.200.202406191623/tools/bin/../lib/gcc/arm-none-eabi/12.3.1/thumb/v7e-m+fp/hard\libgcc.a
LOAD C:/ST/STM32CubeIDE_1.16.1/STM32CubeIDE/plugins/com.st.stm32cube.ide.mcu.externaltools.gnu-tools-for-stm32.12.3.rel1.win32_1.0.200.202406191623/tools/bin/../lib/gcc/arm-none-eabi/12.3.1/../../../../arm-none-eabi/lib/thumb/v7e-m+fp/hard\libc_nano.a
LOAD C:/ST/STM32CubeIDE_1.16.1/STM32CubeIDE/plugins/com.st.stm32cube.ide.mcu.externaltools.gnu-tools-for-stm32.12.3.rel1.win32_1.0.200.202406191623/tools/bin/../lib/gcc/arm-none-eabi/12.3.1/../../../../arm-none-eabi/lib/thumb/v7e-m+fp/hard\libnosys.a
END GROUP
LOAD C:/ST/STM32CubeIDE_1.16.1/STM32CubeIDE/plugins/com.st.stm32cube.ide.mcu.externaltools.gnu-tools-for-stm32.12.3.rel1.win32_1.0.200.202406191623/tools/bin/../lib/gcc/arm-none-eabi/12.3.1/thumb/v7e-m+fp/hard/crtend.o
LOAD C:/ST/STM32CubeIDE_1.16.1/STM32CubeIDE/plugins/com.st.stm32cube.ide.mcu.externaltools.gnu-tools-for-stm32.12.3.rel1.win32_1.0.200.202406191623/tools/bin/../lib/gcc/arm-none-eabi/12.3.1/thumb/v7e-m+fp/hard/crtn.o
                0x20030000                        _estack = (ORIGIN (RAM) + LENGTH (RAM))
                0x00002000                        _Min_Heap_Size = 0x2000
                0x00000400                        _Min_Stack_Size = 0x400

.isr_vector     0x08000000      0x1ac
                0x08000000                        . = ALIGN (0x4)
 *(.isr_vector)
 .isr_vector    0x08000000      0x1ac ./Core/Startup/startup_stm32f429zitx.o
                0x08000000                g_pfnVectors
                0x080001ac                        . = ALIGN (0x4)

.text           0x080001ac     0xa3b0
                0x080001ac                        . = ALIGN (0x4)
 *(.text)
 .text          0x080001ac       0x40 C:/ST/STM32CubeIDE_1.16.1/STM32CubeIDE/plugins/com.st.stm32cube.ide.mcu.externaltools.gnu-tools-for-stm32.12.3.rel1.win32_1.0.200.202406191623/tools/bin/../lib/gcc/arm-none-eabi/12.3.1/thumb/v7e-m+fp/hard/crtbegin.o
 .text          0x080001ec       0x14 C:/ST/STM32CubeIDE_1.16.1/STM32CubeIDE/plugins/com.st.stm32cube.ide.mcu.externaltools.gnu-tools-for-stm32.12.3.rel1.win32_1.0.200.202406191623/tools/bin/../lib/gcc/arm-none-eabi/12.3.1/../../../../arm-none-eabi/lib/thumb/v7e-m+fp/hard\libc_nano.a(libc_a-strcmp.o)
                0x080001ec                strcmp
 .text          0x08000200       0x30 C:/ST/STM32CubeIDE_1.16.1/STM32CubeIDE/plugins/com.st.stm32cube.ide.mcu.externaltools.gnu-tools-for-stm32.12.3.rel1.win32_1.0.200.202406191623/tools/bin/../lib/gcc/arm-none-eabi/12.3.1/thumb/v7e-m+fp/hard\libgcc.a(_aeabi_uldivmod.o)
                0x08000200                __aeabi_uldivmod
 .text          0x08000230      0x2bc C:/ST/STM32CubeIDE_1.16.1/STM32CubeIDE/plugins/com.st.stm32cube.ide.mcu.externaltools.gnu-tools-for-stm32.12.3.rel1.win32_1.0.200.202406191623/tools/bin/../lib/gcc/arm-none-eabi/12.3.1/thumb/v7e-m+fp/hard\libgcc.a(_udivmoddi4.o)
                0x08000230                __udivmoddi4
 .text          0x080004ec        0x4 C:/ST/STM32CubeIDE_1.16.1/STM32CubeIDE/plugins/com.st.stm32cube.ide.mcu.externaltools.gnu-tools-for-stm32.12.3.rel1.win32_1.0.200.202406191623/tools/bin/../lib/gcc/arm-none-eabi/12.3.1/thumb/v7e-m+fp/hard\libgcc.a(_dvmd_tls.o)
                0x080004ec                __aeabi_idiv0
                0x080004ec                __aeabi_ldiv0
 *(.text*)
 .text.main     0x080004f0      0x1a8 ./Core/Src/main.o
                0x080004f0                main
 .text.SystemClock_Config
                0x08000698       0xd4 ./Core/Src/main.o
                0x08000698                SystemClock_Config
 .text.MX_GPIO_Init
                0x0800076c       0xc0 ./Core/Src/main.o
 .text.Error_Handler
                0x0800082c        0xc ./Core/Src/main.o
                0x0800082c                Error_Handler
 .text.HAL_MspInit
                0x08000838       0x50 ./Core/Src/stm32f4xx_hal_msp.o
                0x08000838                HAL_MspInit
 .text.NMI_Handler
                0x08000888        0x8 ./Core/Src/stm32f4xx_it.o
                0x08000888                NMI_Handler
 .text.HardFault_Handler
                0x08000890        0x8 ./Core/Src/stm32f4xx_it.o
                0x08000890                HardFault_Handler
 .text.MemManage_Handler
                0x08000898        0x8 ./Core/Src/stm32f4xx_it.o
                0x08000898                MemManage_Handler
 .text.BusFault_Handler
                0x080008a0        0x8 ./Core/Src/stm32f4xx_it.o
                0x080008a0                BusFault_Handler
 .text.UsageFault_Handler
                0x080008a8        0x8 ./Core/Src/stm32f4xx_it.o
                0x080008a8                UsageFault_Handler
 .text.SVC_Handler
                0x080008b0        0xe ./Core/Src/stm32f4xx_it.o
                0x080008b0                SVC_Handler
 .text.DebugMon_Handler
                0x080008be        0xe ./Core/Src/stm32f4xx_it.o
                0x080008be                DebugMon_Handler
 .text.PendSV_Handler
                0x080008cc        0xe ./Core/Src/stm32f4xx_it.o
                0x080008cc                PendSV_Handler
 .text.SysTick_Handler
                0x080008da        0xc ./Core/Src/stm32f4xx_it.o
                0x080008da                SysTick_Handler
 *fill*         0x080008e6        0x2 
 .text.OTG_HS_IRQHandler
                0x080008e8       0x14 ./Core/Src/stm32f4xx_it.o
                0x080008e8                OTG_HS_IRQHandler
 .text.SystemInit
                0x080008fc       0x24 ./Core/Src/system_stm32f4xx.o
                0x080008fc                SystemInit
 .text.Reset_Handler
                0x08000920       0x50 ./Core/Startup/startup_stm32f429zitx.o
                0x08000920                Reset_Handler
 .text.Default_Handler
                0x08000970        0x2 ./Core/Startup/startup_stm32f429zitx.o
                0x08000970                RTC_Alarm_IRQHandler
                0x08000970                HASH_RNG_IRQHandler
                0x08000970                EXTI2_IRQHandler
                0x08000970                TIM8_CC_IRQHandler
                0x08000970                UART8_IRQHandler
                0x08000970                SPI4_IRQHandler
                0x08000970                TIM1_CC_IRQHandler
                0x08000970                DMA2_Stream5_IRQHandler
                0x08000970                DMA1_Stream5_IRQHandler
                0x08000970                PVD_IRQHandler
                0x08000970                SDIO_IRQHandler
                0x08000970                TAMP_STAMP_IRQHandler
                0x08000970                CAN2_RX1_IRQHandler
                0x08000970                EXTI3_IRQHandler
                0x08000970                TIM8_TRG_COM_TIM14_IRQHandler
                0x08000970                TIM1_UP_TIM10_IRQHandler
                0x08000970                TIM8_UP_TIM13_IRQHandler
                0x08000970                I2C3_ER_IRQHandler
                0x08000970                EXTI0_IRQHandler
                0x08000970                I2C2_EV_IRQHandler
                0x08000970                DMA1_Stream2_IRQHandler
                0x08000970                CAN1_RX0_IRQHandler
                0x08000970                FPU_IRQHandler
                0x08000970                OTG_HS_WKUP_IRQHandler
                0x08000970                LTDC_ER_IRQHandler
                0x08000970                CAN2_SCE_IRQHandler
                0x08000970                DMA2_Stream2_IRQHandler
                0x08000970                SPI1_IRQHandler
                0x08000970                TIM6_DAC_IRQHandler
                0x08000970                TIM1_BRK_TIM9_IRQHandler
                0x08000970                DCMI_IRQHandler
                0x08000970                CAN2_RX0_IRQHandler
                0x08000970                DMA2_Stream3_IRQHandler
                0x08000970                USART6_IRQHandler
                0x08000970                USART3_IRQHandler
                0x08000970                CAN1_RX1_IRQHandler
                0x08000970                UART5_IRQHandler
                0x08000970                DMA2_Stream0_IRQHandler
                0x08000970                TIM4_IRQHandler
                0x08000970                I2C1_EV_IRQHandler
                0x08000970                DMA1_Stream6_IRQHandler
                0x08000970                DMA1_Stream1_IRQHandler
                0x08000970                UART4_IRQHandler
                0x08000970                TIM3_IRQHandler
                0x08000970                RCC_IRQHandler
                0x08000970                TIM8_BRK_TIM12_IRQHandler
                0x08000970                Default_Handler
                0x08000970                EXTI15_10_IRQHandler
                0x08000970                ADC_IRQHandler
                0x08000970                DMA1_Stream7_IRQHandler
                0x08000970                SPI5_IRQHandler
                0x08000970                TIM7_IRQHandler
                0x08000970                CAN2_TX_IRQHandler
                0x08000970                TIM5_IRQHandler
                0x08000970                DMA2_Stream7_IRQHandler
                0x08000970                I2C3_EV_IRQHandler
                0x08000970                EXTI9_5_IRQHandler
                0x08000970                RTC_WKUP_IRQHandler
                0x08000970                LTDC_IRQHandler
                0x08000970                ETH_WKUP_IRQHandler
                0x08000970                SPI2_IRQHandler
                0x08000970                OTG_HS_EP1_IN_IRQHandler
                0x08000970                DMA1_Stream0_IRQHandler
                0x08000970                CAN1_TX_IRQHandler
                0x08000970                EXTI4_IRQHandler
                0x08000970                ETH_IRQHandler
                0x08000970                OTG_HS_EP1_OUT_IRQHandler
                0x08000970                WWDG_IRQHandler
                0x08000970                SPI6_IRQHandler
                0x08000970                TIM2_IRQHandler
                0x08000970                OTG_FS_WKUP_IRQHandler
                0x08000970                TIM1_TRG_COM_TIM11_IRQHandler
                0x08000970                DMA2D_IRQHandler
                0x08000970                EXTI1_IRQHandler
                0x08000970                UART7_IRQHandler
                0x08000970                USART2_IRQHandler
                0x08000970                I2C2_ER_IRQHandler
                0x08000970                DMA2_Stream1_IRQHandler
                0x08000970                CAN1_SCE_IRQHandler
                0x08000970                FLASH_IRQHandler
                0x08000970                DMA2_Stream4_IRQHandler
                0x08000970                USART1_IRQHandler
                0x08000970                OTG_FS_IRQHandler
                0x08000970                SPI3_IRQHandler
                0x08000970                DMA1_Stream4_IRQHandler
                0x08000970                I2C1_ER_IRQHandler
                0x08000970                FMC_IRQHandler
                0x08000970                DMA2_Stream6_IRQHandler
                0x08000970                SAI1_IRQHandler
                0x08000970                DMA1_Stream3_IRQHandler
 .text.ili9341_Init
                0x08000972      0x294 ./Drivers/BSP/Components/ili9341/ili9341.o
                0x08000972                ili9341_Init
 .text.ili9341_ReadID
                0x08000c06       0x18 ./Drivers/BSP/Components/ili9341/ili9341.o
                0x08000c06                ili9341_ReadID
 .text.ili9341_DisplayOn
                0x08000c1e        0xe ./Drivers/BSP/Components/ili9341/ili9341.o
                0x08000c1e                ili9341_DisplayOn
 .text.ili9341_DisplayOff
                0x08000c2c        0xe ./Drivers/BSP/Components/ili9341/ili9341.o
                0x08000c2c                ili9341_DisplayOff
 .text.ili9341_WriteReg
                0x08000c3a       0x1a ./Drivers/BSP/Components/ili9341/ili9341.o
                0x08000c3a                ili9341_WriteReg
 .text.ili9341_WriteData
                0x08000c54       0x1a ./Drivers/BSP/Components/ili9341/ili9341.o
                0x08000c54                ili9341_WriteData
 .text.ili9341_ReadData
                0x08000c6e       0x26 ./Drivers/BSP/Components/ili9341/ili9341.o
                0x08000c6e                ili9341_ReadData
 .text.ili9341_GetLcdPixelWidth
                0x08000c94       0x10 ./Drivers/BSP/Components/ili9341/ili9341.o
                0x08000c94                ili9341_GetLcdPixelWidth
 .text.ili9341_GetLcdPixelHeight
                0x08000ca4       0x12 ./Drivers/BSP/Components/ili9341/ili9341.o
                0x08000ca4                ili9341_GetLcdPixelHeight
 *fill*         0x08000cb6        0x2 
 .text.SPIx_Init
                0x08000cb8       0x74 ./Drivers/BSP/STM32F429I-Discovery/stm32f429i_discovery.o
 .text.SPIx_Read
                0x08000d2c       0x40 ./Drivers/BSP/STM32F429I-Discovery/stm32f429i_discovery.o
 .text.SPIx_Write
                0x08000d6c       0x3c ./Drivers/BSP/STM32F429I-Discovery/stm32f429i_discovery.o
 .text.SPIx_Error
                0x08000da8       0x18 ./Drivers/BSP/STM32F429I-Discovery/stm32f429i_discovery.o
 .text.SPIx_MspInit
                0x08000dc0       0x74 ./Drivers/BSP/STM32F429I-Discovery/stm32f429i_discovery.o
 .text.LCD_IO_Init
                0x08000e34       0xf0 ./Drivers/BSP/STM32F429I-Discovery/stm32f429i_discovery.o
                0x08000e34                LCD_IO_Init
 .text.LCD_IO_WriteData
                0x08000f24       0x44 ./Drivers/BSP/STM32F429I-Discovery/stm32f429i_discovery.o
                0x08000f24                LCD_IO_WriteData
 .text.LCD_IO_WriteReg
                0x08000f68       0x44 ./Drivers/BSP/STM32F429I-Discovery/stm32f429i_discovery.o
                0x08000f68                LCD_IO_WriteReg
 .text.LCD_IO_ReadData
                0x08000fac       0x64 ./Drivers/BSP/STM32F429I-Discovery/stm32f429i_discovery.o
                0x08000fac                LCD_IO_ReadData
 .text.LCD_Delay
                0x08001010       0x16 ./Drivers/BSP/STM32F429I-Discovery/stm32f429i_discovery.o
                0x08001010                LCD_Delay
 *fill*         0x08001026        0x2 
 .text.BSP_LCD_Init
                0x08001028       0xd4 ./Drivers/BSP/STM32F429I-Discovery/stm32f429i_discovery_lcd.o
                0x08001028                BSP_LCD_Init
 .text.BSP_LCD_GetXSize
                0x080010fc       0x18 ./Drivers/BSP/STM32F429I-Discovery/stm32f429i_discovery_lcd.o
                0x080010fc                BSP_LCD_GetXSize
 .text.BSP_LCD_GetYSize
                0x08001114       0x18 ./Drivers/BSP/STM32F429I-Discovery/stm32f429i_discovery_lcd.o
                0x08001114                BSP_LCD_GetYSize
 .text.BSP_LCD_LayerDefaultInit
                0x0800112c       0xc8 ./Drivers/BSP/STM32F429I-Discovery/stm32f429i_discovery_lcd.o
                0x0800112c                BSP_LCD_LayerDefaultInit
 .text.BSP_LCD_SelectLayer
                0x080011f4       0x20 ./Drivers/BSP/STM32F429I-Discovery/stm32f429i_discovery_lcd.o
                0x080011f4                BSP_LCD_SelectLayer
 .text.BSP_LCD_SetTextColor
                0x08001214       0x30 ./Drivers/BSP/STM32F429I-Discovery/stm32f429i_discovery_lcd.o
                0x08001214                BSP_LCD_SetTextColor
 .text.BSP_LCD_SetBackColor
                0x08001244       0x34 ./Drivers/BSP/STM32F429I-Discovery/stm32f429i_discovery_lcd.o
                0x08001244                BSP_LCD_SetBackColor
 .text.BSP_LCD_SetFont
                0x08001278       0x34 ./Drivers/BSP/STM32F429I-Discovery/stm32f429i_discovery_lcd.o
                0x08001278                BSP_LCD_SetFont
 .text.BSP_LCD_GetFont
                0x080012ac       0x2c ./Drivers/BSP/STM32F429I-Discovery/stm32f429i_discovery_lcd.o
                0x080012ac                BSP_LCD_GetFont
 .text.BSP_LCD_Clear
                0x080012d8       0x50 ./Drivers/BSP/STM32F429I-Discovery/stm32f429i_discovery_lcd.o
                0x080012d8                BSP_LCD_Clear
 .text.BSP_LCD_ClearStringLine
                0x08001328       0xc8 ./Drivers/BSP/STM32F429I-Discovery/stm32f429i_discovery_lcd.o
                0x08001328                BSP_LCD_ClearStringLine
 .text.BSP_LCD_DisplayChar
                0x080013f0       0x88 ./Drivers/BSP/STM32F429I-Discovery/stm32f429i_discovery_lcd.o
                0x080013f0                BSP_LCD_DisplayChar
 .text.BSP_LCD_DisplayStringAt
                0x08001478      0x17c ./Drivers/BSP/STM32F429I-Discovery/stm32f429i_discovery_lcd.o
                0x08001478                BSP_LCD_DisplayStringAt
 .text.BSP_LCD_DisplayStringAtLine
                0x080015f4       0x2e ./Drivers/BSP/STM32F429I-Discovery/stm32f429i_discovery_lcd.o
                0x080015f4                BSP_LCD_DisplayStringAtLine
 *fill*         0x08001622        0x2 
 .text.BSP_LCD_FillRect
                0x08001624       0xb4 ./Drivers/BSP/STM32F429I-Discovery/stm32f429i_discovery_lcd.o
                0x08001624                BSP_LCD_FillRect
 .text.BSP_LCD_DisplayOn
                0x080016d8       0x20 ./Drivers/BSP/STM32F429I-Discovery/stm32f429i_discovery_lcd.o
                0x080016d8                BSP_LCD_DisplayOn
 .text.BSP_LCD_MspInit
                0x080016f8      0x1ac ./Drivers/BSP/STM32F429I-Discovery/stm32f429i_discovery_lcd.o
                0x080016f8                BSP_LCD_MspInit
 .text.BSP_LCD_DrawPixel
                0x080018a4       0x4c ./Drivers/BSP/STM32F429I-Discovery/stm32f429i_discovery_lcd.o
                0x080018a4                BSP_LCD_DrawPixel
 .text.DrawChar
                0x080018f0      0x174 ./Drivers/BSP/STM32F429I-Discovery/stm32f429i_discovery_lcd.o
 .text.FillBuffer
                0x08001a64       0x70 ./Drivers/BSP/STM32F429I-Discovery/stm32f429i_discovery_lcd.o
 .text.BSP_SDRAM_Init
                0x08001ad4       0xbc ./Drivers/BSP/STM32F429I-Discovery/stm32f429i_discovery_sdram.o
                0x08001ad4                BSP_SDRAM_Init
 .text.BSP_SDRAM_Initialization_sequence
                0x08001b90       0xc0 ./Drivers/BSP/STM32F429I-Discovery/stm32f429i_discovery_sdram.o
                0x08001b90                BSP_SDRAM_Initialization_sequence
 .text.BSP_SDRAM_MspInit
                0x08001c50      0x218 ./Drivers/BSP/STM32F429I-Discovery/stm32f429i_discovery_sdram.o
                0x08001c50                BSP_SDRAM_MspInit
 .text.HAL_Init
                0x08001e68       0x44 ./Drivers/STM32F4xx_HAL_Driver/Src/stm32f4xx_hal.o
                0x08001e68                HAL_Init
 .text.HAL_InitTick
                0x08001eac       0x60 ./Drivers/STM32F4xx_HAL_Driver/Src/stm32f4xx_hal.o
                0x08001eac                HAL_InitTick
 .text.HAL_IncTick
                0x08001f0c       0x28 ./Drivers/STM32F4xx_HAL_Driver/Src/stm32f4xx_hal.o
                0x08001f0c                HAL_IncTick
 .text.HAL_GetTick
                0x08001f34       0x18 ./Drivers/STM32F4xx_HAL_Driver/Src/stm32f4xx_hal.o
                0x08001f34                HAL_GetTick
 .text.HAL_Delay
                0x08001f4c       0x48 ./Drivers/STM32F4xx_HAL_Driver/Src/stm32f4xx_hal.o
                0x08001f4c                HAL_Delay
 .text.__NVIC_SetPriorityGrouping
                0x08001f94       0x48 ./Drivers/STM32F4xx_HAL_Driver/Src/stm32f4xx_hal_cortex.o
 .text.__NVIC_GetPriorityGrouping
                0x08001fdc       0x1c ./Drivers/STM32F4xx_HAL_Driver/Src/stm32f4xx_hal_cortex.o
 .text.__NVIC_EnableIRQ
                0x08001ff8       0x3c ./Drivers/STM32F4xx_HAL_Driver/Src/stm32f4xx_hal_cortex.o
 .text.__NVIC_SetPriority
                0x08002034       0x54 ./Drivers/STM32F4xx_HAL_Driver/Src/stm32f4xx_hal_cortex.o
 .text.NVIC_EncodePriority
                0x08002088       0x66 ./Drivers/STM32F4xx_HAL_Driver/Src/stm32f4xx_hal_cortex.o
 *fill*         0x080020ee        0x2 
 .text.SysTick_Config
                0x080020f0       0x44 ./Drivers/STM32F4xx_HAL_Driver/Src/stm32f4xx_hal_cortex.o
 .text.HAL_NVIC_SetPriorityGrouping
                0x08002134       0x16 ./Drivers/STM32F4xx_HAL_Driver/Src/stm32f4xx_hal_cortex.o
                0x08002134                HAL_NVIC_SetPriorityGrouping
 .text.HAL_NVIC_SetPriority
                0x0800214a       0x38 ./Drivers/STM32F4xx_HAL_Driver/Src/stm32f4xx_hal_cortex.o
                0x0800214a                HAL_NVIC_SetPriority
 .text.HAL_NVIC_EnableIRQ
                0x08002182       0x1c ./Drivers/STM32F4xx_HAL_Driver/Src/stm32f4xx_hal_cortex.o
                0x08002182                HAL_NVIC_EnableIRQ
 .text.HAL_SYSTICK_Config
                0x0800219e       0x18 ./Drivers/STM32F4xx_HAL_Driver/Src/stm32f4xx_hal_cortex.o
                0x0800219e                HAL_SYSTICK_Config
 *fill*         0x080021b6        0x2 
 .text.HAL_DMA_Init
                0x080021b8      0x15c ./Drivers/STM32F4xx_HAL_Driver/Src/stm32f4xx_hal_dma.o
                0x080021b8                HAL_DMA_Init
 .text.HAL_DMA_DeInit
                0x08002314       0xbc ./Drivers/STM32F4xx_HAL_Driver/Src/stm32f4xx_hal_dma.o
                0x08002314                HAL_DMA_DeInit
 .text.DMA_CalcBaseAndBitshift
                0x080023d0       0x6c ./Drivers/STM32F4xx_HAL_Driver/Src/stm32f4xx_hal_dma.o
 .text.DMA_CheckFifoParam
                0x0800243c       0xf8 ./Drivers/STM32F4xx_HAL_Driver/Src/stm32f4xx_hal_dma.o
 .text.HAL_DMA2D_Init
                0x08002534       0x92 ./Drivers/STM32F4xx_HAL_Driver/Src/stm32f4xx_hal_dma2d.o
                0x08002534                HAL_DMA2D_Init
 .text.HAL_DMA2D_MspInit
                0x080025c6       0x14 ./Drivers/STM32F4xx_HAL_Driver/Src/stm32f4xx_hal_dma2d.o
                0x080025c6                HAL_DMA2D_MspInit
 .text.HAL_DMA2D_Start
                0x080025da       0x56 ./Drivers/STM32F4xx_HAL_Driver/Src/stm32f4xx_hal_dma2d.o
                0x080025da                HAL_DMA2D_Start
 .text.HAL_DMA2D_PollForTransfer
                0x08002630      0x1d2 ./Drivers/STM32F4xx_HAL_Driver/Src/stm32f4xx_hal_dma2d.o
                0x08002630                HAL_DMA2D_PollForTransfer
 *fill*         0x08002802        0x2 
 .text.HAL_DMA2D_ConfigLayer
                0x08002804      0x124 ./Drivers/STM32F4xx_HAL_Driver/Src/stm32f4xx_hal_dma2d.o
                0x08002804                HAL_DMA2D_ConfigLayer
 .text.DMA2D_SetConfig
                0x08002928      0x138 ./Drivers/STM32F4xx_HAL_Driver/Src/stm32f4xx_hal_dma2d.o
 .text.HAL_GPIO_Init
                0x08002a60      0x358 ./Drivers/STM32F4xx_HAL_Driver/Src/stm32f4xx_hal_gpio.o
                0x08002a60                HAL_GPIO_Init
 .text.HAL_GPIO_WritePin
                0x08002db8       0x32 ./Drivers/STM32F4xx_HAL_Driver/Src/stm32f4xx_hal_gpio.o
                0x08002db8                HAL_GPIO_WritePin
 *fill*         0x08002dea        0x2 
 .text.HAL_LTDC_Init
                0x08002dec      0x1a0 ./Drivers/STM32F4xx_HAL_Driver/Src/stm32f4xx_hal_ltdc.o
                0x08002dec                HAL_LTDC_Init
 .text.HAL_LTDC_MspInit
                0x08002f8c       0x14 ./Drivers/STM32F4xx_HAL_Driver/Src/stm32f4xx_hal_ltdc.o
                0x08002f8c                HAL_LTDC_MspInit
 .text.HAL_LTDC_ConfigLayer
                0x08002fa0       0x7c ./Drivers/STM32F4xx_HAL_Driver/Src/stm32f4xx_hal_ltdc.o
                0x08002fa0                HAL_LTDC_ConfigLayer
 .text.HAL_LTDC_EnableDither
                0x0800301c       0x54 ./Drivers/STM32F4xx_HAL_Driver/Src/stm32f4xx_hal_ltdc.o
                0x0800301c                HAL_LTDC_EnableDither
 .text.LTDC_SetConfig
                0x08003070      0x32e ./Drivers/STM32F4xx_HAL_Driver/Src/stm32f4xx_hal_ltdc.o
 .text.HAL_PCD_Init
                0x0800339e      0x21e ./Drivers/STM32F4xx_HAL_Driver/Src/stm32f4xx_hal_pcd.o
                0x0800339e                HAL_PCD_Init
 .text.HAL_PCD_Start
                0x080035bc       0x6a ./Drivers/STM32F4xx_HAL_Driver/Src/stm32f4xx_hal_pcd.o
                0x080035bc                HAL_PCD_Start
 .text.HAL_PCD_IRQHandler
                0x08003626      0x942 ./Drivers/STM32F4xx_HAL_Driver/Src/stm32f4xx_hal_pcd.o
                0x08003626                HAL_PCD_IRQHandler
 .text.HAL_PCD_SetAddress
                0x08003f68       0x48 ./Drivers/STM32F4xx_HAL_Driver/Src/stm32f4xx_hal_pcd.o
                0x08003f68                HAL_PCD_SetAddress
 .text.HAL_PCD_EP_Open
                0x08003fb0       0xd4 ./Drivers/STM32F4xx_HAL_Driver/Src/stm32f4xx_hal_pcd.o
                0x08003fb0                HAL_PCD_EP_Open
 .text.HAL_PCD_EP_Close
                0x08004084       0x94 ./Drivers/STM32F4xx_HAL_Driver/Src/stm32f4xx_hal_pcd.o
                0x08004084                HAL_PCD_EP_Close
 .text.HAL_PCD_EP_Receive
                0x08004118       0x76 ./Drivers/STM32F4xx_HAL_Driver/Src/stm32f4xx_hal_pcd.o
                0x08004118                HAL_PCD_EP_Receive
 .text.HAL_PCD_EP_GetRxCount
                0x0800418e       0x30 ./Drivers/STM32F4xx_HAL_Driver/Src/stm32f4xx_hal_pcd.o
                0x0800418e                HAL_PCD_EP_GetRxCount
 .text.HAL_PCD_EP_Transmit
                0x080041be       0x74 ./Drivers/STM32F4xx_HAL_Driver/Src/stm32f4xx_hal_pcd.o
                0x080041be                HAL_PCD_EP_Transmit
 .text.HAL_PCD_EP_SetStall
                0x08004232       0xc6 ./Drivers/STM32F4xx_HAL_Driver/Src/stm32f4xx_hal_pcd.o
                0x08004232                HAL_PCD_EP_SetStall
 .text.HAL_PCD_EP_ClrStall
                0x080042f8       0xac ./Drivers/STM32F4xx_HAL_Driver/Src/stm32f4xx_hal_pcd.o
                0x080042f8                HAL_PCD_EP_ClrStall
 .text.HAL_PCD_EP_Abort
                0x080043a4       0x62 ./Drivers/STM32F4xx_HAL_Driver/Src/stm32f4xx_hal_pcd.o
                0x080043a4                HAL_PCD_EP_Abort
 .text.PCD_WriteEmptyTxFifo
                0x08004406      0x118 ./Drivers/STM32F4xx_HAL_Driver/Src/stm32f4xx_hal_pcd.o
 *fill*         0x0800451e        0x2 
 .text.PCD_EP_OutXfrComplete_int
                0x08004520      0x1d0 ./Drivers/STM32F4xx_HAL_Driver/Src/stm32f4xx_hal_pcd.o
 .text.PCD_EP_OutSetupPacket_int
                0x080046f0       0x8c ./Drivers/STM32F4xx_HAL_Driver/Src/stm32f4xx_hal_pcd.o
 .text.HAL_PCDEx_SetTxFiFo
                0x0800477c       0x8e ./Drivers/STM32F4xx_HAL_Driver/Src/stm32f4xx_hal_pcd_ex.o
                0x0800477c                HAL_PCDEx_SetTxFiFo
 .text.HAL_PCDEx_SetRxFiFo
                0x0800480a       0x22 ./Drivers/STM32F4xx_HAL_Driver/Src/stm32f4xx_hal_pcd_ex.o
                0x0800480a                HAL_PCDEx_SetRxFiFo
 .text.HAL_PCDEx_LPM_Callback
                0x0800482c       0x18 ./Drivers/STM32F4xx_HAL_Driver/Src/stm32f4xx_hal_pcd_ex.o
                0x0800482c                HAL_PCDEx_LPM_Callback
 .text.HAL_RCC_OscConfig
                0x08004844      0x4f0 ./Drivers/STM32F4xx_HAL_Driver/Src/stm32f4xx_hal_rcc.o
                0x08004844                HAL_RCC_OscConfig
 .text.HAL_RCC_ClockConfig
                0x08004d34      0x1cc ./Drivers/STM32F4xx_HAL_Driver/Src/stm32f4xx_hal_rcc.o
                0x08004d34                HAL_RCC_ClockConfig
 .text.HAL_RCC_GetSysClockFreq
                0x08004f00      0x20c ./Drivers/STM32F4xx_HAL_Driver/Src/stm32f4xx_hal_rcc.o
                0x08004f00                HAL_RCC_GetSysClockFreq
 .text.HAL_RCC_GetHCLKFreq
                0x0800510c       0x18 ./Drivers/STM32F4xx_HAL_Driver/Src/stm32f4xx_hal_rcc.o
                0x0800510c                HAL_RCC_GetHCLKFreq
 .text.HAL_RCCEx_PeriphCLKConfig
                0x08005124      0x380 ./Drivers/STM32F4xx_HAL_Driver/Src/stm32f4xx_hal_rcc_ex.o
                0x08005124                HAL_RCCEx_PeriphCLKConfig
 .text.HAL_SDRAM_Init
                0x080054a4       0x68 ./Drivers/STM32F4xx_HAL_Driver/Src/stm32f4xx_hal_sdram.o
                0x080054a4                HAL_SDRAM_Init
 .text.HAL_SDRAM_MspInit
                0x0800550c       0x14 ./Drivers/STM32F4xx_HAL_Driver/Src/stm32f4xx_hal_sdram.o
                0x0800550c                HAL_SDRAM_MspInit
 .text.HAL_SDRAM_SendCommand
                0x08005520       0x6a ./Drivers/STM32F4xx_HAL_Driver/Src/stm32f4xx_hal_sdram.o
                0x08005520                HAL_SDRAM_SendCommand
 .text.HAL_SDRAM_ProgramRefreshRate
                0x0800558a       0x50 ./Drivers/STM32F4xx_HAL_Driver/Src/stm32f4xx_hal_sdram.o
                0x0800558a                HAL_SDRAM_ProgramRefreshRate
 .text.HAL_SPI_Init
                0x080055da      0x112 ./Drivers/STM32F4xx_HAL_Driver/Src/stm32f4xx_hal_spi.o
                0x080055da                HAL_SPI_Init
 .text.HAL_SPI_DeInit
                0x080056ec       0x50 ./Drivers/STM32F4xx_HAL_Driver/Src/stm32f4xx_hal_spi.o
                0x080056ec                HAL_SPI_DeInit
 .text.HAL_SPI_MspInit
                0x0800573c       0x14 ./Drivers/STM32F4xx_HAL_Driver/Src/stm32f4xx_hal_spi.o
                0x0800573c                HAL_SPI_MspInit
 .text.HAL_SPI_MspDeInit
                0x08005750       0x14 ./Drivers/STM32F4xx_HAL_Driver/Src/stm32f4xx_hal_spi.o
                0x08005750                HAL_SPI_MspDeInit
 .text.HAL_SPI_Transmit
                0x08005764      0x288 ./Drivers/STM32F4xx_HAL_Driver/Src/stm32f4xx_hal_spi.o
                0x08005764                HAL_SPI_Transmit
 .text.HAL_SPI_Receive
                0x080059ec      0x232 ./Drivers/STM32F4xx_HAL_Driver/Src/stm32f4xx_hal_spi.o
                0x080059ec                HAL_SPI_Receive
 .text.HAL_SPI_TransmitReceive
                0x08005c1e      0x352 ./Drivers/STM32F4xx_HAL_Driver/Src/stm32f4xx_hal_spi.o
                0x08005c1e                HAL_SPI_TransmitReceive
 .text.HAL_SPI_GetState
                0x08005f70       0x1c ./Drivers/STM32F4xx_HAL_Driver/Src/stm32f4xx_hal_spi.o
                0x08005f70                HAL_SPI_GetState
 .text.SPI_WaitFlagStateUntilTimeout
                0x08005f8c      0x110 ./Drivers/STM32F4xx_HAL_Driver/Src/stm32f4xx_hal_spi.o
 .text.SPI_EndRxTransaction
                0x0800609c       0xca ./Drivers/STM32F4xx_HAL_Driver/Src/stm32f4xx_hal_spi.o
 *fill*         0x08006166        0x2 
 .text.SPI_EndRxTxTransaction
                0x08006168       0xa8 ./Drivers/STM32F4xx_HAL_Driver/Src/stm32f4xx_hal_spi.o
 .text.FMC_SDRAM_Init
                0x08006210       0xba ./Drivers/STM32F4xx_HAL_Driver/Src/stm32f4xx_ll_fmc.o
                0x08006210                FMC_SDRAM_Init
 .text.FMC_SDRAM_Timing_Init
                0x080062ca       0xd2 ./Drivers/STM32F4xx_HAL_Driver/Src/stm32f4xx_ll_fmc.o
                0x080062ca                FMC_SDRAM_Timing_Init
 .text.FMC_SDRAM_SendCommand
                0x0800639c       0x7a ./Drivers/STM32F4xx_HAL_Driver/Src/stm32f4xx_ll_fmc.o
                0x0800639c                FMC_SDRAM_SendCommand
 .text.FMC_SDRAM_ProgramRefreshRate
                0x08006416       0x2e ./Drivers/STM32F4xx_HAL_Driver/Src/stm32f4xx_ll_fmc.o
                0x08006416                FMC_SDRAM_ProgramRefreshRate
 .text.USB_CoreInit
                0x08006444       0xc8 ./Drivers/STM32F4xx_HAL_Driver/Src/stm32f4xx_ll_usb.o
                0x08006444                USB_CoreInit
 .text.USB_SetTurnaroundTime
                0x0800650c      0x144 ./Drivers/STM32F4xx_HAL_Driver/Src/stm32f4xx_ll_usb.o
                0x0800650c                USB_SetTurnaroundTime
 .text.USB_EnableGlobalInt
                0x08006650       0x22 ./Drivers/STM32F4xx_HAL_Driver/Src/stm32f4xx_ll_usb.o
                0x08006650                USB_EnableGlobalInt
 .text.USB_DisableGlobalInt
                0x08006672       0x22 ./Drivers/STM32F4xx_HAL_Driver/Src/stm32f4xx_ll_usb.o
                0x08006672                USB_DisableGlobalInt
 .text.USB_SetCurrentMode
                0x08006694       0x98 ./Drivers/STM32F4xx_HAL_Driver/Src/stm32f4xx_ll_usb.o
                0x08006694                USB_SetCurrentMode
 .text.USB_DevInit
                0x0800672c      0x2c8 ./Drivers/STM32F4xx_HAL_Driver/Src/stm32f4xx_ll_usb.o
                0x0800672c                USB_DevInit
 .text.USB_FlushTxFifo
                0x080069f4       0x64 ./Drivers/STM32F4xx_HAL_Driver/Src/stm32f4xx_ll_usb.o
                0x080069f4                USB_FlushTxFifo
 .text.USB_FlushRxFifo
                0x08006a58       0x5c ./Drivers/STM32F4xx_HAL_Driver/Src/stm32f4xx_ll_usb.o
                0x08006a58                USB_FlushRxFifo
 .text.USB_SetDevSpeed
                0x08006ab4       0x32 ./Drivers/STM32F4xx_HAL_Driver/Src/stm32f4xx_ll_usb.o
                0x08006ab4                USB_SetDevSpeed
 .text.USB_GetDevSpeed
                0x08006ae6       0x4a ./Drivers/STM32F4xx_HAL_Driver/Src/stm32f4xx_ll_usb.o
                0x08006ae6                USB_GetDevSpeed
 .text.USB_ActivateEndpoint
                0x08006b30      0x10e ./Drivers/STM32F4xx_HAL_Driver/Src/stm32f4xx_ll_usb.o
                0x08006b30                USB_ActivateEndpoint
 *fill*         0x08006c3e        0x2 
 .text.USB_DeactivateEndpoint
                0x08006c40      0x1b8 ./Drivers/STM32F4xx_HAL_Driver/Src/stm32f4xx_ll_usb.o
                0x08006c40                USB_DeactivateEndpoint
 .text.USB_EPStartXfer
                0x08006df8      0x53c ./Drivers/STM32F4xx_HAL_Driver/Src/stm32f4xx_ll_usb.o
                0x08006df8                USB_EPStartXfer
 .text.USB_EPStopXfer
                0x08007334      0x154 ./Drivers/STM32F4xx_HAL_Driver/Src/stm32f4xx_ll_usb.o
                0x08007334                USB_EPStopXfer
 .text.USB_WritePacket
                0x08007488       0x7c ./Drivers/STM32F4xx_HAL_Driver/Src/stm32f4xx_ll_usb.o
                0x08007488                USB_WritePacket
 .text.USB_ReadPacket
                0x08007504       0xb0 ./Drivers/STM32F4xx_HAL_Driver/Src/stm32f4xx_ll_usb.o
                0x08007504                USB_ReadPacket
 .text.USB_EPSetStall
                0x080075b4       0xdc ./Drivers/STM32F4xx_HAL_Driver/Src/stm32f4xx_ll_usb.o
                0x080075b4                USB_EPSetStall
 .text.USB_EPClearStall
                0x08007690       0xcc ./Drivers/STM32F4xx_HAL_Driver/Src/stm32f4xx_ll_usb.o
                0x08007690                USB_EPClearStall
 .text.USB_SetDevAddress
                0x0800775c       0x4c ./Drivers/STM32F4xx_HAL_Driver/Src/stm32f4xx_ll_usb.o
                0x0800775c                USB_SetDevAddress
 .text.USB_DevConnect
                0x080077a8       0x42 ./Drivers/STM32F4xx_HAL_Driver/Src/stm32f4xx_ll_usb.o
                0x080077a8                USB_DevConnect
 .text.USB_DevDisconnect
                0x080077ea       0x42 ./Drivers/STM32F4xx_HAL_Driver/Src/stm32f4xx_ll_usb.o
                0x080077ea                USB_DevDisconnect
 .text.USB_ReadInterrupts
                0x0800782c       0x26 ./Drivers/STM32F4xx_HAL_Driver/Src/stm32f4xx_ll_usb.o
                0x0800782c                USB_ReadInterrupts
 .text.USB_ReadDevAllOutEpInterrupt
                0x08007852       0x34 ./Drivers/STM32F4xx_HAL_Driver/Src/stm32f4xx_ll_usb.o
                0x08007852                USB_ReadDevAllOutEpInterrupt
 .text.USB_ReadDevAllInEpInterrupt
                0x08007886       0x34 ./Drivers/STM32F4xx_HAL_Driver/Src/stm32f4xx_ll_usb.o
                0x08007886                USB_ReadDevAllInEpInterrupt
 .text.USB_ReadDevOutEPInterrupt
                0x080078ba       0x3c ./Drivers/STM32F4xx_HAL_Driver/Src/stm32f4xx_ll_usb.o
                0x080078ba                USB_ReadDevOutEPInterrupt
 .text.USB_ReadDevInEPInterrupt
                0x080078f6       0x5c ./Drivers/STM32F4xx_HAL_Driver/Src/stm32f4xx_ll_usb.o
                0x080078f6                USB_ReadDevInEPInterrupt
 .text.USB_GetMode
                0x08007952       0x1c ./Drivers/STM32F4xx_HAL_Driver/Src/stm32f4xx_ll_usb.o
                0x08007952                USB_GetMode
 .text.USB_ActivateSetup
                0x0800796e       0x46 ./Drivers/STM32F4xx_HAL_Driver/Src/stm32f4xx_ll_usb.o
                0x0800796e                USB_ActivateSetup
 .text.USB_EP0_OutStart
                0x080079b4       0xbc ./Drivers/STM32F4xx_HAL_Driver/Src/stm32f4xx_ll_usb.o
                0x080079b4                USB_EP0_OutStart
 .text.USB_CoreReset
                0x08007a70       0x62 ./Drivers/STM32F4xx_HAL_Driver/Src/stm32f4xx_ll_usb.o
 *fill*         0x08007ad2        0x2 
 .text.USBD_CDC_Init
                0x08007ad4      0x1f0 ./Middlewares/ST/STM32_USB_Device_Library/Class/CDC/Src/usbd_cdc.o
 .text.USBD_CDC_DeInit
                0x08007cc4      0x104 ./Middlewares/ST/STM32_USB_Device_Library/Class/CDC/Src/usbd_cdc.o
 .text.USBD_CDC_Setup
                0x08007dc8      0x1b8 ./Middlewares/ST/STM32_USB_Device_Library/Class/CDC/Src/usbd_cdc.o
 .text.USBD_CDC_DataIn
                0x08007f80       0xfe ./Middlewares/ST/STM32_USB_Device_Library/Class/CDC/Src/usbd_cdc.o
 .text.USBD_CDC_DataOut
                0x0800807e       0x70 ./Middlewares/ST/STM32_USB_Device_Library/Class/CDC/Src/usbd_cdc.o
 .text.USBD_CDC_EP0_RxReady
                0x080080ee       0x74 ./Middlewares/ST/STM32_USB_Device_Library/Class/CDC/Src/usbd_cdc.o
 *fill*         0x08008162        0x2 
 .text.USBD_CDC_GetFSCfgDesc
                0x08008164       0x70 ./Middlewares/ST/STM32_USB_Device_Library/Class/CDC/Src/usbd_cdc.o
 .text.USBD_CDC_GetHSCfgDesc
                0x080081d4       0x70 ./Middlewares/ST/STM32_USB_Device_Library/Class/CDC/Src/usbd_cdc.o
 .text.USBD_CDC_GetOtherSpeedCfgDesc
                0x08008244       0x70 ./Middlewares/ST/STM32_USB_Device_Library/Class/CDC/Src/usbd_cdc.o
 .text.USBD_CDC_GetDeviceQualifierDescriptor
                0x080082b4       0x20 ./Middlewares/ST/STM32_USB_Device_Library/Class/CDC/Src/usbd_cdc.o
                0x080082b4                USBD_CDC_GetDeviceQualifierDescriptor
 .text.USBD_CDC_RegisterInterface
                0x080082d4       0x34 ./Middlewares/ST/STM32_USB_Device_Library/Class/CDC/Src/usbd_cdc.o
                0x080082d4                USBD_CDC_RegisterInterface
 .text.USBD_CDC_SetTxBuffer
                0x08008308       0x44 ./Middlewares/ST/STM32_USB_Device_Library/Class/CDC/Src/usbd_cdc.o
                0x08008308                USBD_CDC_SetTxBuffer
 .text.USBD_CDC_SetRxBuffer
                0x0800834c       0x3a ./Middlewares/ST/STM32_USB_Device_Library/Class/CDC/Src/usbd_cdc.o
                0x0800834c                USBD_CDC_SetRxBuffer
 *fill*         0x08008386        0x2 
 .text.USBD_CDC_TransmitPacket
                0x08008388       0x80 ./Middlewares/ST/STM32_USB_Device_Library/Class/CDC/Src/usbd_cdc.o
                0x08008388                USBD_CDC_TransmitPacket
 .text.USBD_CDC_ReceivePacket
                0x08008408       0x6c ./Middlewares/ST/STM32_USB_Device_Library/Class/CDC/Src/usbd_cdc.o
                0x08008408                USBD_CDC_ReceivePacket
 .text.USBD_Init
                0x08008474       0x60 ./Middlewares/ST/STM32_USB_Device_Library/Core/Src/usbd_core.o
                0x08008474                USBD_Init
 .text.USBD_RegisterClass
                0x080084d4       0x6c ./Middlewares/ST/STM32_USB_Device_Library/Core/Src/usbd_core.o
                0x080084d4                USBD_RegisterClass
 .text.USBD_Start
                0x08008540       0x18 ./Middlewares/ST/STM32_USB_Device_Library/Core/Src/usbd_core.o
                0x08008540                USBD_Start
 .text.USBD_RunTestMode
                0x08008558       0x16 ./Middlewares/ST/STM32_USB_Device_Library/Core/Src/usbd_core.o
                0x08008558                USBD_RunTestMode
 .text.USBD_SetClassConfig
                0x0800856e       0x38 ./Middlewares/ST/STM32_USB_Device_Library/Core/Src/usbd_core.o
                0x0800856e                USBD_SetClassConfig
 .text.USBD_ClrClassConfig
                0x080085a6       0x34 ./Middlewares/ST/STM32_USB_Device_Library/Core/Src/usbd_core.o
                0x080085a6                USBD_ClrClassConfig
 .text.USBD_LL_SetupStage
                0x080085da       0xaa ./Middlewares/ST/STM32_USB_Device_Library/Core/Src/usbd_core.o
                0x080085da                USBD_LL_SetupStage
 .text.USBD_LL_DataOutStage
                0x08008684      0x166 ./Middlewares/ST/STM32_USB_Device_Library/Core/Src/usbd_core.o
                0x08008684                USBD_LL_DataOutStage
 .text.USBD_LL_DataInStage
                0x080087ea      0x164 ./Middlewares/ST/STM32_USB_Device_Library/Core/Src/usbd_core.o
                0x080087ea                USBD_LL_DataInStage
 .text.USBD_LL_Reset
                0x0800894e       0xa4 ./Middlewares/ST/STM32_USB_Device_Library/Core/Src/usbd_core.o
                0x0800894e                USBD_LL_Reset
 .text.USBD_LL_SetSpeed
                0x080089f2       0x20 ./Middlewares/ST/STM32_USB_Device_Library/Core/Src/usbd_core.o
                0x080089f2                USBD_LL_SetSpeed
 .text.USBD_LL_Suspend
                0x08008a12       0x38 ./Middlewares/ST/STM32_USB_Device_Library/Core/Src/usbd_core.o
                0x08008a12                USBD_LL_Suspend
 .text.USBD_LL_Resume
                0x08008a4a       0x30 ./Middlewares/ST/STM32_USB_Device_Library/Core/Src/usbd_core.o
                0x08008a4a                USBD_LL_Resume
 .text.USBD_LL_SOF
                0x08008a7a       0x40 ./Middlewares/ST/STM32_USB_Device_Library/Core/Src/usbd_core.o
                0x08008a7a                USBD_LL_SOF
 .text.USBD_LL_IsoINIncomplete
                0x08008aba       0x64 ./Middlewares/ST/STM32_USB_Device_Library/Core/Src/usbd_core.o
                0x08008aba                USBD_LL_IsoINIncomplete
 .text.USBD_LL_IsoOUTIncomplete
                0x08008b1e       0x64 ./Middlewares/ST/STM32_USB_Device_Library/Core/Src/usbd_core.o
                0x08008b1e                USBD_LL_IsoOUTIncomplete
 .text.USBD_LL_DevConnected
                0x08008b82       0x16 ./Middlewares/ST/STM32_USB_Device_Library/Core/Src/usbd_core.o
                0x08008b82                USBD_LL_DevConnected
 .text.USBD_LL_DevDisconnected
                0x08008b98       0x46 ./Middlewares/ST/STM32_USB_Device_Library/Core/Src/usbd_core.o
                0x08008b98                USBD_LL_DevDisconnected
 .text.USBD_CoreFindIF
                0x08008bde       0x1a ./Middlewares/ST/STM32_USB_Device_Library/Core/Src/usbd_core.o
                0x08008bde                USBD_CoreFindIF
 .text.USBD_CoreFindEP
                0x08008bf8       0x1a ./Middlewares/ST/STM32_USB_Device_Library/Core/Src/usbd_core.o
                0x08008bf8                USBD_CoreFindEP
 .text.USBD_GetEpDesc
                0x08008c12       0x70 ./Middlewares/ST/STM32_USB_Device_Library/Core/Src/usbd_core.o
                0x08008c12                USBD_GetEpDesc
 .text.USBD_GetNextDesc
                0x08008c82       0x38 ./Middlewares/ST/STM32_USB_Device_Library/Core/Src/usbd_core.o
                0x08008c82                USBD_GetNextDesc
 .text.SWAPBYTE
                0x08008cba       0x3c ./Middlewares/ST/STM32_USB_Device_Library/Core/Src/usbd_ctlreq.o
 *fill*         0x08008cf6        0x2 
 .text.USBD_StdDevReq
                0x08008cf8       0xe4 ./Middlewares/ST/STM32_USB_Device_Library/Core/Src/usbd_ctlreq.o
                0x08008cf8                USBD_StdDevReq
 .text.USBD_StdItfReq
                0x08008ddc       0xd8 ./Middlewares/ST/STM32_USB_Device_Library/Core/Src/usbd_ctlreq.o
                0x08008ddc                USBD_StdItfReq
 .text.USBD_StdEPReq
                0x08008eb4      0x33a ./Middlewares/ST/STM32_USB_Device_Library/Core/Src/usbd_ctlreq.o
                0x08008eb4                USBD_StdEPReq
 *fill*         0x080091ee        0x2 
 .text.USBD_GetDescriptor
                0x080091f0      0x2d4 ./Middlewares/ST/STM32_USB_Device_Library/Core/Src/usbd_ctlreq.o
 .text.USBD_SetAddress
                0x080094c4       0x88 ./Middlewares/ST/STM32_USB_Device_Library/Core/Src/usbd_ctlreq.o
 .text.USBD_SetConfig
                0x0800954c      0x154 ./Middlewares/ST/STM32_USB_Device_Library/Core/Src/usbd_ctlreq.o
 .text.USBD_GetConfig
                0x080096a0       0x6c ./Middlewares/ST/STM32_USB_Device_Library/Core/Src/usbd_ctlreq.o
 .text.USBD_GetStatus
                0x0800970c       0x68 ./Middlewares/ST/STM32_USB_Device_Library/Core/Src/usbd_ctlreq.o
 .text.USBD_SetFeature
                0x08009774       0x52 ./Middlewares/ST/STM32_USB_Device_Library/Core/Src/usbd_ctlreq.o
 .text.USBD_ClrFeature
                0x080097c6       0x44 ./Middlewares/ST/STM32_USB_Device_Library/Core/Src/usbd_ctlreq.o
 .text.USBD_ParseSetupRequest
                0x0800980a       0x74 ./Middlewares/ST/STM32_USB_Device_Library/Core/Src/usbd_ctlreq.o
                0x0800980a                USBD_ParseSetupRequest
 .text.USBD_CtlError
                0x0800987e       0x22 ./Middlewares/ST/STM32_USB_Device_Library/Core/Src/usbd_ctlreq.o
                0x0800987e                USBD_CtlError
 .text.USBD_GetString
                0x080098a0       0xa4 ./Middlewares/ST/STM32_USB_Device_Library/Core/Src/usbd_ctlreq.o
                0x080098a0                USBD_GetString
 .text.USBD_GetLen
                0x08009944       0x34 ./Middlewares/ST/STM32_USB_Device_Library/Core/Src/usbd_ctlreq.o
 .text.USBD_CtlSendData
                0x08009978       0x36 ./Middlewares/ST/STM32_USB_Device_Library/Core/Src/usbd_ioreq.o
                0x08009978                USBD_CtlSendData
 .text.USBD_CtlContinueSendData
                0x080099ae       0x22 ./Middlewares/ST/STM32_USB_Device_Library/Core/Src/usbd_ioreq.o
                0x080099ae                USBD_CtlContinueSendData
 .text.USBD_CtlPrepareRx
                0x080099d0       0x3a ./Middlewares/ST/STM32_USB_Device_Library/Core/Src/usbd_ioreq.o
                0x080099d0                USBD_CtlPrepareRx
 .text.USBD_CtlContinueRx
                0x08009a0a       0x22 ./Middlewares/ST/STM32_USB_Device_Library/Core/Src/usbd_ioreq.o
                0x08009a0a                USBD_CtlContinueRx
 .text.USBD_CtlSendStatus
                0x08009a2c       0x26 ./Middlewares/ST/STM32_USB_Device_Library/Core/Src/usbd_ioreq.o
                0x08009a2c                USBD_CtlSendStatus
 .text.USBD_CtlReceiveStatus
                0x08009a52       0x26 ./Middlewares/ST/STM32_USB_Device_Library/Core/Src/usbd_ioreq.o
                0x08009a52                USBD_CtlReceiveStatus
 .text.MX_USB_DEVICE_Init
                0x08009a78       0x60 ./USB_DEVICE/App/usb_device.o
                0x08009a78                MX_USB_DEVICE_Init
 .text.CDC_Init_HS
                0x08009ad8       0x28 ./USB_DEVICE/App/usbd_cdc_if.o
 .text.CDC_DeInit_HS
                0x08009b00       0x10 ./USB_DEVICE/App/usbd_cdc_if.o
 .text.CDC_Control_HS
                0x08009b10       0xbc ./USB_DEVICE/App/usbd_cdc_if.o
 .text.CDC_Receive_HS
                0x08009bcc       0x48 ./USB_DEVICE/App/usbd_cdc_if.o
 .text.CDC_Transmit_HS
                0x08009c14       0x4c ./USB_DEVICE/App/usbd_cdc_if.o
                0x08009c14                CDC_Transmit_HS
 .text.CDC_TransmitCplt_HS
                0x08009c60       0x22 ./USB_DEVICE/App/usbd_cdc_if.o
 *fill*         0x08009c82        0x2 
 .text.USBD_HS_DeviceDescriptor
                0x08009c84       0x24 ./USB_DEVICE/App/usbd_desc.o
                0x08009c84                USBD_HS_DeviceDescriptor
 .text.USBD_HS_LangIDStrDescriptor
                0x08009ca8       0x24 ./USB_DEVICE/App/usbd_desc.o
                0x08009ca8                USBD_HS_LangIDStrDescriptor
 .text.USBD_HS_ProductStrDescriptor
                0x08009ccc       0x3c ./USB_DEVICE/App/usbd_desc.o
                0x08009ccc                USBD_HS_ProductStrDescriptor
 .text.USBD_HS_ManufacturerStrDescriptor
                0x08009d08       0x28 ./USB_DEVICE/App/usbd_desc.o
                0x08009d08                USBD_HS_ManufacturerStrDescriptor
 .text.USBD_HS_SerialStrDescriptor
                0x08009d30       0x24 ./USB_DEVICE/App/usbd_desc.o
                0x08009d30                USBD_HS_SerialStrDescriptor
 .text.USBD_HS_ConfigStrDescriptor
                0x08009d54       0x3c ./USB_DEVICE/App/usbd_desc.o
                0x08009d54                USBD_HS_ConfigStrDescriptor
 .text.USBD_HS_InterfaceStrDescriptor
                0x08009d90       0x3c ./USB_DEVICE/App/usbd_desc.o
                0x08009d90                USBD_HS_InterfaceStrDescriptor
 .text.Get_SerialNum
                0x08009dcc       0x58 ./USB_DEVICE/App/usbd_desc.o
 .text.IntToUnicode
                0x08009e24       0x7e ./USB_DEVICE/App/usbd_desc.o
 *fill*         0x08009ea2        0x2 
 .text.HAL_PCD_MspInit
                0x08009ea4       0xa0 ./USB_DEVICE/Target/usbd_conf.o
                0x08009ea4                HAL_PCD_MspInit
 .text.HAL_PCD_SetupStageCallback
                0x08009f44       0x24 ./USB_DEVICE/Target/usbd_conf.o
                0x08009f44                HAL_PCD_SetupStageCallback
 .text.HAL_PCD_DataOutStageCallback
                0x08009f68       0x36 ./USB_DEVICE/Target/usbd_conf.o
                0x08009f68                HAL_PCD_DataOutStageCallback
 .text.HAL_PCD_DataInStageCallback
                0x08009f9e       0x34 ./USB_DEVICE/Target/usbd_conf.o
                0x08009f9e                HAL_PCD_DataInStageCallback
 .text.HAL_PCD_SOFCallback
                0x08009fd2       0x1c ./USB_DEVICE/Target/usbd_conf.o
                0x08009fd2                HAL_PCD_SOFCallback
 .text.HAL_PCD_ResetCallback
                0x08009fee       0x50 ./USB_DEVICE/Target/usbd_conf.o
                0x08009fee                HAL_PCD_ResetCallback
 *fill*         0x0800a03e        0x2 
 .text.HAL_PCD_SuspendCallback
                0x0800a040       0x4c ./USB_DEVICE/Target/usbd_conf.o
                0x0800a040                HAL_PCD_SuspendCallback
 .text.HAL_PCD_ResumeCallback
                0x0800a08c       0x1c ./USB_DEVICE/Target/usbd_conf.o
                0x0800a08c                HAL_PCD_ResumeCallback
 .text.HAL_PCD_ISOOUTIncompleteCallback
                0x0800a0a8       0x24 ./USB_DEVICE/Target/usbd_conf.o
                0x0800a0a8                HAL_PCD_ISOOUTIncompleteCallback
 .text.HAL_PCD_ISOINIncompleteCallback
                0x0800a0cc       0x24 ./USB_DEVICE/Target/usbd_conf.o
                0x0800a0cc                HAL_PCD_ISOINIncompleteCallback
 .text.HAL_PCD_ConnectCallback
                0x0800a0f0       0x1c ./USB_DEVICE/Target/usbd_conf.o
                0x0800a0f0                HAL_PCD_ConnectCallback
 .text.HAL_PCD_DisconnectCallback
                0x0800a10c       0x1c ./USB_DEVICE/Target/usbd_conf.o
                0x0800a10c                HAL_PCD_DisconnectCallback
 .text.USBD_LL_Init
                0x0800a128       0xa4 ./USB_DEVICE/Target/usbd_conf.o
                0x0800a128                USBD_LL_Init
 .text.USBD_LL_Start
                0x0800a1cc       0x36 ./USB_DEVICE/Target/usbd_conf.o
                0x0800a1cc                USBD_LL_Start
 .text.USBD_LL_OpenEP
                0x0800a202       0x4c ./USB_DEVICE/Target/usbd_conf.o
                0x0800a202                USBD_LL_OpenEP
 .text.USBD_LL_CloseEP
                0x0800a24e       0x3e ./USB_DEVICE/Target/usbd_conf.o
                0x0800a24e                USBD_LL_CloseEP
 .text.USBD_LL_StallEP
                0x0800a28c       0x3e ./USB_DEVICE/Target/usbd_conf.o
                0x0800a28c                USBD_LL_StallEP
 .text.USBD_LL_ClearStallEP
                0x0800a2ca       0x3e ./USB_DEVICE/Target/usbd_conf.o
                0x0800a2ca                USBD_LL_ClearStallEP
 .text.USBD_LL_IsStallEP
                0x0800a308       0x58 ./USB_DEVICE/Target/usbd_conf.o
                0x0800a308                USBD_LL_IsStallEP
 .text.USBD_LL_SetUSBAddress
                0x0800a360       0x3e ./USB_DEVICE/Target/usbd_conf.o
                0x0800a360                USBD_LL_SetUSBAddress
 .text.USBD_LL_Transmit
                0x0800a39e       0x42 ./USB_DEVICE/Target/usbd_conf.o
                0x0800a39e                USBD_LL_Transmit
 .text.USBD_LL_PrepareReceive
                0x0800a3e0       0x42 ./USB_DEVICE/Target/usbd_conf.o
                0x0800a3e0                USBD_LL_PrepareReceive
 .text.USBD_LL_GetRxDataSize
                0x0800a422       0x26 ./USB_DEVICE/Target/usbd_conf.o
                0x0800a422                USBD_LL_GetRxDataSize
 .text.USBD_static_malloc
                0x0800a448       0x1c ./USB_DEVICE/Target/usbd_conf.o
                0x0800a448                USBD_static_malloc
 .text.USBD_static_free
                0x0800a464       0x14 ./USB_DEVICE/Target/usbd_conf.o
                0x0800a464                USBD_static_free
 .text.USBD_Get_USB_Status
                0x0800a478       0x58 ./USB_DEVICE/Target/usbd_conf.o
                0x0800a478                USBD_Get_USB_Status
 .text.memset   0x0800a4d0       0x10 C:/ST/STM32CubeIDE_1.16.1/STM32CubeIDE/plugins/com.st.stm32cube.ide.mcu.externaltools.gnu-tools-for-stm32.12.3.rel1.win32_1.0.200.202406191623/tools/bin/../lib/gcc/arm-none-eabi/12.3.1/../../../../arm-none-eabi/lib/thumb/v7e-m+fp/hard\libc_nano.a(libc_a-memset.o)
                0x0800a4d0                memset
 .text.__libc_init_array
                0x0800a4e0       0x48 C:/ST/STM32CubeIDE_1.16.1/STM32CubeIDE/plugins/com.st.stm32cube.ide.mcu.externaltools.gnu-tools-for-stm32.12.3.rel1.win32_1.0.200.202406191623/tools/bin/../lib/gcc/arm-none-eabi/12.3.1/../../../../arm-none-eabi/lib/thumb/v7e-m+fp/hard\libc_nano.a(libc_a-init.o)
                0x0800a4e0                __libc_init_array
 .text.memcpy   0x0800a528       0x1c C:/ST/STM32CubeIDE_1.16.1/STM32CubeIDE/plugins/com.st.stm32cube.ide.mcu.externaltools.gnu-tools-for-stm32.12.3.rel1.win32_1.0.200.202406191623/tools/bin/../lib/gcc/arm-none-eabi/12.3.1/../../../../arm-none-eabi/lib/thumb/v7e-m+fp/hard\libc_nano.a(libc_a-memcpy-stub.o)
                0x0800a528                memcpy
 *(.glue_7)
 .glue_7        0x0800a544        0x0 linker stubs
 *(.glue_7t)
 .glue_7t       0x0800a544        0x0 linker stubs
 *(.eh_frame)
 .eh_frame      0x0800a544        0x0 C:/ST/STM32CubeIDE_1.16.1/STM32CubeIDE/plugins/com.st.stm32cube.ide.mcu.externaltools.gnu-tools-for-stm32.12.3.rel1.win32_1.0.200.202406191623/tools/bin/../lib/gcc/arm-none-eabi/12.3.1/thumb/v7e-m+fp/hard/crtbegin.o
 *(.init)
 .init          0x0800a544        0x4 C:/ST/STM32CubeIDE_1.16.1/STM32CubeIDE/plugins/com.st.stm32cube.ide.mcu.externaltools.gnu-tools-for-stm32.12.3.rel1.win32_1.0.200.202406191623/tools/bin/../lib/gcc/arm-none-eabi/12.3.1/thumb/v7e-m+fp/hard/crti.o
                0x0800a544                _init
 .init          0x0800a548        0x8 C:/ST/STM32CubeIDE_1.16.1/STM32CubeIDE/plugins/com.st.stm32cube.ide.mcu.externaltools.gnu-tools-for-stm32.12.3.rel1.win32_1.0.200.202406191623/tools/bin/../lib/gcc/arm-none-eabi/12.3.1/thumb/v7e-m+fp/hard/crtn.o
 *(.fini)
 .fini          0x0800a550        0x4 C:/ST/STM32CubeIDE_1.16.1/STM32CubeIDE/plugins/com.st.stm32cube.ide.mcu.externaltools.gnu-tools-for-stm32.12.3.rel1.win32_1.0.200.202406191623/tools/bin/../lib/gcc/arm-none-eabi/12.3.1/thumb/v7e-m+fp/hard/crti.o
                0x0800a550                _fini
 .fini          0x0800a554        0x8 C:/ST/STM32CubeIDE_1.16.1/STM32CubeIDE/plugins/com.st.stm32cube.ide.mcu.externaltools.gnu-tools-for-stm32.12.3.rel1.win32_1.0.200.202406191623/tools/bin/../lib/gcc/arm-none-eabi/12.3.1/thumb/v7e-m+fp/hard/crtn.o
                0x0800a55c                        . = ALIGN (0x4)
                0x0800a55c                        _etext = .

.vfp11_veneer   0x0800a55c        0x0
 .vfp11_veneer  0x0800a55c        0x0 linker stubs

.v4_bx          0x0800a55c        0x0
 .v4_bx         0x0800a55c        0x0 linker stubs

.iplt           0x0800a55c        0x0
 .iplt          0x0800a55c        0x0 C:/ST/STM32CubeIDE_1.16.1/STM32CubeIDE/plugins/com.st.stm32cube.ide.mcu.externaltools.gnu-tools-for-stm32.12.3.rel1.win32_1.0.200.202406191623/tools/bin/../lib/gcc/arm-none-eabi/12.3.1/thumb/v7e-m+fp/hard/crtbegin.o

.rodata         0x0800a55c     0x1b60
                0x0800a55c                        . = ALIGN (0x4)
 *(.rodata)
 .rodata        0x0800a55c       0x46 ./Core/Src/main.o
 *fill*         0x0800a5a2        0x2 
 .rodata        0x0800a5a4       0x46 ./USB_DEVICE/App/usbd_desc.o
 *(.rodata*)
 *fill*         0x0800a5ea        0x2 
 .rodata.AHBPrescTable
                0x0800a5ec       0x10 ./Core/Src/system_stm32f4xx.o
                0x0800a5ec                AHBPrescTable
 .rodata.Font24_Table
                0x0800a5fc     0x1ab8 ./Drivers/BSP/STM32F429I-Discovery/stm32f429i_discovery_lcd.o
                0x0800a5fc                Font24_Table
 .rodata.flagBitshiftOffset.0
                0x0800c0b4        0x8 ./Drivers/STM32F4xx_HAL_Driver/Src/stm32f4xx_hal_dma.o
                0x0800c0bc                        . = ALIGN (0x4)

.ARM.extab      0x0800c0bc        0x0
                0x0800c0bc                        . = ALIGN (0x4)
 *(.ARM.extab* .gnu.linkonce.armextab.*)
                0x0800c0bc                        . = ALIGN (0x4)

.ARM            0x0800c0bc        0x8
                0x0800c0bc                        . = ALIGN (0x4)
                0x0800c0bc                        __exidx_start = .
 *(.ARM.exidx*)
 .ARM.exidx     0x0800c0bc        0x8 C:/ST/STM32CubeIDE_1.16.1/STM32CubeIDE/plugins/com.st.stm32cube.ide.mcu.externaltools.gnu-tools-for-stm32.12.3.rel1.win32_1.0.200.202406191623/tools/bin/../lib/gcc/arm-none-eabi/12.3.1/../../../../arm-none-eabi/lib/thumb/v7e-m+fp/hard\libc_nano.a(libc_a-strcmp.o)
 .ARM.exidx     0x0800c0c4        0x0 C:/ST/STM32CubeIDE_1.16.1/STM32CubeIDE/plugins/com.st.stm32cube.ide.mcu.externaltools.gnu-tools-for-stm32.12.3.rel1.win32_1.0.200.202406191623/tools/bin/../lib/gcc/arm-none-eabi/12.3.1/thumb/v7e-m+fp/hard\libgcc.a(_udivmoddi4.o)
                                  0x8 (size before relaxing)
                0x0800c0c4                        __exidx_end = .
                0x0800c0c4                        . = ALIGN (0x4)

.preinit_array  0x0800c0c4        0x0
                0x0800c0c4                        . = ALIGN (0x4)
                0x0800c0c4                        PROVIDE (__preinit_array_start = .)
 *(.preinit_array*)
                0x0800c0c4                        PROVIDE (__preinit_array_end = .)
                0x0800c0c4                        . = ALIGN (0x4)

.init_array     0x0800c0c4        0x4
                0x0800c0c4                        . = ALIGN (0x4)
                0x0800c0c4                        PROVIDE (__init_array_start = .)
 *(SORT_BY_NAME(.init_array.*))
 *(.init_array*)
 .init_array    0x0800c0c4        0x4 C:/ST/STM32CubeIDE_1.16.1/STM32CubeIDE/plugins/com.st.stm32cube.ide.mcu.externaltools.gnu-tools-for-stm32.12.3.rel1.win32_1.0.200.202406191623/tools/bin/../lib/gcc/arm-none-eabi/12.3.1/thumb/v7e-m+fp/hard/crtbegin.o
                0x0800c0c8                        PROVIDE (__init_array_end = .)
                0x0800c0c8                        . = ALIGN (0x4)

.fini_array     0x0800c0c8        0x4
                0x0800c0c8                        . = ALIGN (0x4)
                [!provide]                        PROVIDE (__fini_array_start = .)
 *(SORT_BY_NAME(.fini_array.*))
 *(.fini_array*)
 .fini_array    0x0800c0c8        0x4 C:/ST/STM32CubeIDE_1.16.1/STM32CubeIDE/plugins/com.st.stm32cube.ide.mcu.externaltools.gnu-tools-for-stm32.12.3.rel1.win32_1.0.200.202406191623/tools/bin/../lib/gcc/arm-none-eabi/12.3.1/thumb/v7e-m+fp/hard/crtbegin.o
                [!provide]                        PROVIDE (__fini_array_end = .)
                0x0800c0cc                        . = ALIGN (0x4)
                0x0800c0cc                        _sidata = LOADADDR (.data)

.rel.dyn        0x0800c0cc        0x0
 .rel.iplt      0x0800c0cc        0x0 C:/ST/STM32CubeIDE_1.16.1/STM32CubeIDE/plugins/com.st.stm32cube.ide.mcu.externaltools.gnu-tools-for-stm32.12.3.rel1.win32_1.0.200.202406191623/tools/bin/../lib/gcc/arm-none-eabi/12.3.1/thumb/v7e-m+fp/hard/crtbegin.o

.data           0x20000000      0x19c load address 0x0800c0cc
                0x20000000                        . = ALIGN (0x4)
                0x20000000                        _sdata = .
 *(.data)
 *(.data*)
 .data.hello_msg
                0x20000000        0xa ./Core/Src/main.o
                0x20000000                hello_msg
 *fill*         0x2000000a        0x2 
 .data.turn_on_led3
                0x2000000c        0xe ./Core/Src/main.o
                0x2000000c                turn_on_led3
 *fill*         0x2000001a        0x2 
 .data.turn_on_led4
                0x2000001c        0xe ./Core/Src/main.o
                0x2000001c                turn_on_led4
 *fill*         0x2000002a        0x2 
 .data.turn_off_led3
                0x2000002c        0xf ./Core/Src/main.o
                0x2000002c                turn_off_led3
 *fill*         0x2000003b        0x1 
 .data.turn_off_led4
                0x2000003c        0xf ./Core/Src/main.o
                0x2000003c                turn_off_led4
 *fill*         0x2000004b        0x1 
 .data.good_night
                0x2000004c        0xb ./Core/Src/main.o
                0x2000004c                good_night
 *fill*         0x20000057        0x1 
 .data.SystemCoreClock
                0x20000058        0x4 ./Core/Src/system_stm32f4xx.o
                0x20000058                SystemCoreClock
 .data.ili9341_drv
                0x2000005c       0x38 ./Drivers/BSP/Components/ili9341/ili9341.o
                0x2000005c                ili9341_drv
 .data.SpixTimeout
                0x20000094        0x4 ./Drivers/BSP/STM32F429I-Discovery/stm32f429i_discovery.o
                0x20000094                SpixTimeout
 .data.Font24   0x20000098        0x8 ./Drivers/BSP/STM32F429I-Discovery/stm32f429i_discovery_lcd.o
                0x20000098                Font24
 .data.sdramstatus.2
                0x200000a0        0x1 ./Drivers/BSP/STM32F429I-Discovery/stm32f429i_discovery_sdram.o
 *fill*         0x200000a1        0x3 
 .data.uwTickPrio
                0x200000a4        0x4 ./Drivers/STM32F4xx_HAL_Driver/Src/stm32f4xx_hal.o
                0x200000a4                uwTickPrio
 .data.uwTickFreq
                0x200000a8        0x1 ./Drivers/STM32F4xx_HAL_Driver/Src/stm32f4xx_hal.o
                0x200000a8                uwTickFreq
 *fill*         0x200000a9        0x3 
 .data.USBD_CDC_DeviceQualifierDesc
                0x200000ac        0xa ./Middlewares/ST/STM32_USB_Device_Library/Class/CDC/Src/usbd_cdc.o
 *fill*         0x200000b6        0x2 
 .data.USBD_CDC
                0x200000b8       0x38 ./Middlewares/ST/STM32_USB_Device_Library/Class/CDC/Src/usbd_cdc.o
                0x200000b8                USBD_CDC
 .data.USBD_CDC_CfgDesc
                0x200000f0       0x43 ./Middlewares/ST/STM32_USB_Device_Library/Class/CDC/Src/usbd_cdc.o
 .data.CDCInEpAdd
                0x20000133        0x1 ./Middlewares/ST/STM32_USB_Device_Library/Class/CDC/Src/usbd_cdc.o
 .data.CDCOutEpAdd
                0x20000134        0x1 ./Middlewares/ST/STM32_USB_Device_Library/Class/CDC/Src/usbd_cdc.o
 .data.CDCCmdEpAdd
                0x20000135        0x1 ./Middlewares/ST/STM32_USB_Device_Library/Class/CDC/Src/usbd_cdc.o
 *fill*         0x20000136        0x2 
 .data.USBD_Interface_fops_HS
                0x20000138       0x14 ./USB_DEVICE/App/usbd_cdc_if.o
                0x20000138                USBD_Interface_fops_HS
 .data.HS_Desc  0x2000014c       0x1c ./USB_DEVICE/App/usbd_desc.o
                0x2000014c                HS_Desc
 .data.USBD_HS_DeviceDesc
                0x20000168       0x12 ./USB_DEVICE/App/usbd_desc.o
                0x20000168                USBD_HS_DeviceDesc
 *fill*         0x2000017a        0x2 
 .data.USBD_LangIDDesc
                0x2000017c        0x4 ./USB_DEVICE/App/usbd_desc.o
                0x2000017c                USBD_LangIDDesc
 .data.USBD_StringSerial
                0x20000180       0x1a ./USB_DEVICE/App/usbd_desc.o
                0x20000180                USBD_StringSerial
 *(.RamFunc)
 *(.RamFunc*)
                0x2000019c                        . = ALIGN (0x4)
 *fill*         0x2000019a        0x2 
                0x2000019c                        _edata = .
                0x0800c268                        _siccmram = LOADADDR (.ccmram)

.igot.plt       0x2000019c        0x0 load address 0x0800c268
 .igot.plt      0x2000019c        0x0 C:/ST/STM32CubeIDE_1.16.1/STM32CubeIDE/plugins/com.st.stm32cube.ide.mcu.externaltools.gnu-tools-for-stm32.12.3.rel1.win32_1.0.200.202406191623/tools/bin/../lib/gcc/arm-none-eabi/12.3.1/thumb/v7e-m+fp/hard/crtbegin.o

.ccmram         0x10000000        0x0 load address 0x0800c268
                0x10000000                        . = ALIGN (0x4)
                0x10000000                        _sccmram = .
 *(.ccmram)
 *(.ccmram*)
                0x10000000                        . = ALIGN (0x4)
                0x10000000                        _eccmram = .
                0x10000000                        . = ALIGN (0x4)

.bss            0x2000019c     0x1e98
                0x2000019c                        _sbss = .
                0x2000019c                        __bss_start__ = _sbss
 *(.bss)
 .bss           0x2000019c       0x1c C:/ST/STM32CubeIDE_1.16.1/STM32CubeIDE/plugins/com.st.stm32cube.ide.mcu.externaltools.gnu-tools-for-stm32.12.3.rel1.win32_1.0.200.202406191623/tools/bin/../lib/gcc/arm-none-eabi/12.3.1/thumb/v7e-m+fp/hard/crtbegin.o
 *(.bss*)
 .bss.usb_rx_buffer
                0x200001b8       0x40 ./Core/Src/main.o
                0x200001b8                usb_rx_buffer
 .bss.SpiHandle
                0x200001f8       0x58 ./Drivers/BSP/STM32F429I-Discovery/stm32f429i_discovery.o
 .bss.Is_LCD_IO_Initialized
                0x20000250        0x1 ./Drivers/BSP/STM32F429I-Discovery/stm32f429i_discovery.o
 *fill*         0x20000251        0x3 
 .bss.LtdcHandler
                0x20000254       0xa8 ./Drivers/BSP/STM32F429I-Discovery/stm32f429i_discovery_lcd.o
                0x20000254                LtdcHandler
 .bss.Dma2dHandler
                0x200002fc       0x40 ./Drivers/BSP/STM32F429I-Discovery/stm32f429i_discovery_lcd.o
 .bss.PeriphClkInitStruct
                0x2000033c       0x30 ./Drivers/BSP/STM32F429I-Discovery/stm32f429i_discovery_lcd.o
 .bss.ActiveLayer
                0x2000036c        0x4 ./Drivers/BSP/STM32F429I-Discovery/stm32f429i_discovery_lcd.o
 .bss.DrawProp  0x20000370       0x18 ./Drivers/BSP/STM32F429I-Discovery/stm32f429i_discovery_lcd.o
 .bss.LcdDrv    0x20000388        0x4 ./Drivers/BSP/STM32F429I-Discovery/stm32f429i_discovery_lcd.o
                0x20000388                LcdDrv
 .bss.SdramHandle
                0x2000038c       0x34 ./Drivers/BSP/STM32F429I-Discovery/stm32f429i_discovery_sdram.o
 .bss.Timing    0x200003c0       0x1c ./Drivers/BSP/STM32F429I-Discovery/stm32f429i_discovery_sdram.o
 .bss.Command   0x200003dc       0x10 ./Drivers/BSP/STM32F429I-Discovery/stm32f429i_discovery_sdram.o
 .bss.dmaHandle.1
                0x200003ec       0x60 ./Drivers/BSP/STM32F429I-Discovery/stm32f429i_discovery_sdram.o
 .bss.uwTick    0x2000044c        0x4 ./Drivers/STM32F4xx_HAL_Driver/Src/stm32f4xx_hal.o
                0x2000044c                uwTick
 .bss.cfgidx.0  0x20000450        0x1 ./Middlewares/ST/STM32_USB_Device_Library/Core/Src/usbd_ctlreq.o
 *fill*         0x20000451        0x3 
 .bss.hUsbDeviceHS
                0x20000454      0x2dc ./USB_DEVICE/App/usb_device.o
                0x20000454                hUsbDeviceHS
 .bss.UserRxBufferHS
                0x20000730      0x800 ./USB_DEVICE/App/usbd_cdc_if.o
                0x20000730                UserRxBufferHS
 .bss.UserTxBufferHS
                0x20000f30      0x800 ./USB_DEVICE/App/usbd_cdc_if.o
                0x20000f30                UserTxBufferHS
 .bss.USBD_StrDesc
                0x20001730      0x200 ./USB_DEVICE/App/usbd_desc.o
                0x20001730                USBD_StrDesc
 .bss.hpcd_USB_OTG_HS
                0x20001930      0x4e4 ./USB_DEVICE/Target/usbd_conf.o
                0x20001930                hpcd_USB_OTG_HS
 .bss.mem.0     0x20001e14      0x220 ./USB_DEVICE/Target/usbd_conf.o
 *(COMMON)
                0x20002034                        . = ALIGN (0x4)
                0x20002034                        _ebss = .
                0x20002034                        __bss_end__ = _ebss

._user_heap_stack
                0x20002034     0x2404
                0x20002038                        . = ALIGN (0x8)
 *fill*         0x20002034        0x4 
                [!provide]                        PROVIDE (end = .)
                0x20002038                        PROVIDE (_end = .)
                0x20004038                        . = (. + _Min_Heap_Size)
 *fill*         0x20002038     0x2000 
                0x20004438                        . = (. + _Min_Stack_Size)
 *fill*         0x20004038      0x400 
                0x20004438                        . = ALIGN (0x8)

/DISCARD/
 libc.a(*)
 libm.a(*)
 libgcc.a(*)

.ARM.attributes
                0x00000000       0x30
 *(.ARM.attributes)
 .ARM.attributes
                0x00000000       0x22 C:/ST/STM32CubeIDE_1.16.1/STM32CubeIDE/plugins/com.st.stm32cube.ide.mcu.externaltools.gnu-tools-for-stm32.12.3.rel1.win32_1.0.200.202406191623/tools/bin/../lib/gcc/arm-none-eabi/12.3.1/thumb/v7e-m+fp/hard/crti.o
 .ARM.attributes
                0x00000022       0x34 C:/ST/STM32CubeIDE_1.16.1/STM32CubeIDE/plugins/com.st.stm32cube.ide.mcu.externaltools.gnu-tools-for-stm32.12.3.rel1.win32_1.0.200.202406191623/tools/bin/../lib/gcc/arm-none-eabi/12.3.1/thumb/v7e-m+fp/hard/crtbegin.o
 .ARM.attributes
                0x00000056       0x34 ./Core/Src/main.o
 .ARM.attributes
                0x0000008a       0x34 ./Core/Src/stm32f4xx_hal_msp.o
 .ARM.attributes
                0x000000be       0x34 ./Core/Src/stm32f4xx_it.o
 .ARM.attributes
                0x000000f2       0x34 ./Core/Src/system_stm32f4xx.o
 .ARM.attributes
                0x00000126       0x21 ./Core/Startup/startup_stm32f429zitx.o
 .ARM.attributes
                0x00000147       0x34 ./Drivers/BSP/Components/ili9341/ili9341.o
 .ARM.attributes
                0x0000017b       0x34 ./Drivers/BSP/STM32F429I-Discovery/stm32f429i_discovery.o
 .ARM.attributes
                0x000001af       0x34 ./Drivers/BSP/STM32F429I-Discovery/stm32f429i_discovery_lcd.o
 .ARM.attributes
                0x000001e3       0x34 ./Drivers/BSP/STM32F429I-Discovery/stm32f429i_discovery_sdram.o
 .ARM.attributes
                0x00000217       0x34 ./Drivers/STM32F4xx_HAL_Driver/Src/stm32f4xx_hal.o
 .ARM.attributes
                0x0000024b       0x34 ./Drivers/STM32F4xx_HAL_Driver/Src/stm32f4xx_hal_cortex.o
 .ARM.attributes
                0x0000027f       0x34 ./Drivers/STM32F4xx_HAL_Driver/Src/stm32f4xx_hal_dma.o
 .ARM.attributes
                0x000002b3       0x34 ./Drivers/STM32F4xx_HAL_Driver/Src/stm32f4xx_hal_dma2d.o
 .ARM.attributes
                0x000002e7       0x34 ./Drivers/STM32F4xx_HAL_Driver/Src/stm32f4xx_hal_gpio.o
 .ARM.attributes
                0x0000031b       0x34 ./Drivers/STM32F4xx_HAL_Driver/Src/stm32f4xx_hal_ltdc.o
 .ARM.attributes
                0x0000034f       0x34 ./Drivers/STM32F4xx_HAL_Driver/Src/stm32f4xx_hal_pcd.o
 .ARM.attributes
                0x00000383       0x34 ./Drivers/STM32F4xx_HAL_Driver/Src/stm32f4xx_hal_pcd_ex.o
 .ARM.attributes
                0x000003b7       0x34 ./Drivers/STM32F4xx_HAL_Driver/Src/stm32f4xx_hal_rcc.o
 .ARM.attributes
                0x000003eb       0x34 ./Drivers/STM32F4xx_HAL_Driver/Src/stm32f4xx_hal_rcc_ex.o
 .ARM.attributes
                0x0000041f       0x34 ./Drivers/STM32F4xx_HAL_Driver/Src/stm32f4xx_hal_sdram.o
 .ARM.attributes
                0x00000453       0x34 ./Drivers/STM32F4xx_HAL_Driver/Src/stm32f4xx_hal_spi.o
 .ARM.attributes
                0x00000487       0x34 ./Drivers/STM32F4xx_HAL_Driver/Src/stm32f4xx_ll_fmc.o
 .ARM.attributes
                0x000004bb       0x34 ./Drivers/STM32F4xx_HAL_Driver/Src/stm32f4xx_ll_usb.o
 .ARM.attributes
                0x000004ef       0x34 ./Middlewares/ST/STM32_USB_Device_Library/Class/CDC/Src/usbd_cdc.o
 .ARM.attributes
                0x00000523       0x34 ./Middlewares/ST/STM32_USB_Device_Library/Core/Src/usbd_core.o
 .ARM.attributes
                0x00000557       0x34 ./Middlewares/ST/STM32_USB_Device_Library/Core/Src/usbd_ctlreq.o
 .ARM.attributes
                0x0000058b       0x34 ./Middlewares/ST/STM32_USB_Device_Library/Core/Src/usbd_ioreq.o
 .ARM.attributes
                0x000005bf       0x34 ./USB_DEVICE/App/usb_device.o
 .ARM.attributes
                0x000005f3       0x34 ./USB_DEVICE/App/usbd_cdc_if.o
 .ARM.attributes
                0x00000627       0x34 ./USB_DEVICE/App/usbd_desc.o
 .ARM.attributes
                0x0000065b       0x34 ./USB_DEVICE/Target/usbd_conf.o
 .ARM.attributes
                0x0000068f       0x34 C:/ST/STM32CubeIDE_1.16.1/STM32CubeIDE/plugins/com.st.stm32cube.ide.mcu.externaltools.gnu-tools-for-stm32.12.3.rel1.win32_1.0.200.202406191623/tools/bin/../lib/gcc/arm-none-eabi/12.3.1/../../../../arm-none-eabi/lib/thumb/v7e-m+fp/hard\libc_nano.a(libc_a-memset.o)
 .ARM.attributes
                0x000006c3       0x34 C:/ST/STM32CubeIDE_1.16.1/STM32CubeIDE/plugins/com.st.stm32cube.ide.mcu.externaltools.gnu-tools-for-stm32.12.3.rel1.win32_1.0.200.202406191623/tools/bin/../lib/gcc/arm-none-eabi/12.3.1/../../../../arm-none-eabi/lib/thumb/v7e-m+fp/hard\libc_nano.a(libc_a-init.o)
 .ARM.attributes
                0x000006f7       0x20 C:/ST/STM32CubeIDE_1.16.1/STM32CubeIDE/plugins/com.st.stm32cube.ide.mcu.externaltools.gnu-tools-for-stm32.12.3.rel1.win32_1.0.200.202406191623/tools/bin/../lib/gcc/arm-none-eabi/12.3.1/../../../../arm-none-eabi/lib/thumb/v7e-m+fp/hard\libc_nano.a(libc_a-strcmp.o)
 .ARM.attributes
                0x00000717       0x34 C:/ST/STM32CubeIDE_1.16.1/STM32CubeIDE/plugins/com.st.stm32cube.ide.mcu.externaltools.gnu-tools-for-stm32.12.3.rel1.win32_1.0.200.202406191623/tools/bin/../lib/gcc/arm-none-eabi/12.3.1/../../../../arm-none-eabi/lib/thumb/v7e-m+fp/hard\libc_nano.a(libc_a-memcpy-stub.o)
 .ARM.attributes
                0x0000074b       0x22 C:/ST/STM32CubeIDE_1.16.1/STM32CubeIDE/plugins/com.st.stm32cube.ide.mcu.externaltools.gnu-tools-for-stm32.12.3.rel1.win32_1.0.200.202406191623/tools/bin/../lib/gcc/arm-none-eabi/12.3.1/thumb/v7e-m+fp/hard\libgcc.a(_aeabi_uldivmod.o)
 .ARM.attributes
                0x0000076d       0x34 C:/ST/STM32CubeIDE_1.16.1/STM32CubeIDE/plugins/com.st.stm32cube.ide.mcu.externaltools.gnu-tools-for-stm32.12.3.rel1.win32_1.0.200.202406191623/tools/bin/../lib/gcc/arm-none-eabi/12.3.1/thumb/v7e-m+fp/hard\libgcc.a(_udivmoddi4.o)
 .ARM.attributes
                0x000007a1       0x22 C:/ST/STM32CubeIDE_1.16.1/STM32CubeIDE/plugins/com.st.stm32cube.ide.mcu.externaltools.gnu-tools-for-stm32.12.3.rel1.win32_1.0.200.202406191623/tools/bin/../lib/gcc/arm-none-eabi/12.3.1/thumb/v7e-m+fp/hard\libgcc.a(_dvmd_tls.o)
 .ARM.attributes
                0x000007c3       0x22 C:/ST/STM32CubeIDE_1.16.1/STM32CubeIDE/plugins/com.st.stm32cube.ide.mcu.externaltools.gnu-tools-for-stm32.12.3.rel1.win32_1.0.200.202406191623/tools/bin/../lib/gcc/arm-none-eabi/12.3.1/thumb/v7e-m+fp/hard/crtn.o
OUTPUT(lab3.elf elf32-littlearm)
LOAD linker stubs
LOAD C:/ST/STM32CubeIDE_1.16.1/STM32CubeIDE/plugins/com.st.stm32cube.ide.mcu.externaltools.gnu-tools-for-stm32.12.3.rel1.win32_1.0.200.202406191623/tools/bin/../lib/gcc/arm-none-eabi/12.3.1/../../../../arm-none-eabi/lib/thumb/v7e-m+fp/hard\libc.a
LOAD C:/ST/STM32CubeIDE_1.16.1/STM32CubeIDE/plugins/com.st.stm32cube.ide.mcu.externaltools.gnu-tools-for-stm32.12.3.rel1.win32_1.0.200.202406191623/tools/bin/../lib/gcc/arm-none-eabi/12.3.1/../../../../arm-none-eabi/lib/thumb/v7e-m+fp/hard\libm.a
LOAD C:/ST/STM32CubeIDE_1.16.1/STM32CubeIDE/plugins/com.st.stm32cube.ide.mcu.externaltools.gnu-tools-for-stm32.12.3.rel1.win32_1.0.200.202406191623/tools/bin/../lib/gcc/arm-none-eabi/12.3.1/thumb/v7e-m+fp/hard\libgcc.a

.debug_info     0x00000000    0x1890d
 .debug_info    0x00000000      0x86b ./Core/Src/main.o
 .debug_info    0x0000086b      0x281 ./Core/Src/stm32f4xx_hal_msp.o
 .debug_info    0x00000aec      0x627 ./Core/Src/stm32f4xx_it.o
 .debug_info    0x00001113      0x52e ./Core/Src/system_stm32f4xx.o
 .debug_info    0x00001641       0x30 ./Core/Startup/startup_stm32f429zitx.o
 .debug_info    0x00001671      0x384 ./Drivers/BSP/Components/ili9341/ili9341.o
 .debug_info    0x000019f5     0x199a ./Drivers/BSP/STM32F429I-Discovery/stm32f429i_discovery.o
 .debug_info    0x0000338f     0x2486 ./Drivers/BSP/STM32F429I-Discovery/stm32f429i_discovery_lcd.o
 .debug_info    0x00005815     0x1010 ./Drivers/BSP/STM32F429I-Discovery/stm32f429i_discovery_sdram.o
 .debug_info    0x00006825      0x9ba ./Drivers/STM32F4xx_HAL_Driver/Src/stm32f4xx_hal.o
 .debug_info    0x000071df      0xdc2 ./Drivers/STM32F4xx_HAL_Driver/Src/stm32f4xx_hal_cortex.o
 .debug_info    0x00007fa1      0x8e7 ./Drivers/STM32F4xx_HAL_Driver/Src/stm32f4xx_hal_dma.o
 .debug_info    0x00008888      0xe6e ./Drivers/STM32F4xx_HAL_Driver/Src/stm32f4xx_hal_dma2d.o
 .debug_info    0x000096f6      0x6db ./Drivers/STM32F4xx_HAL_Driver/Src/stm32f4xx_hal_gpio.o
 .debug_info    0x00009dd1     0x1022 ./Drivers/STM32F4xx_HAL_Driver/Src/stm32f4xx_hal_ltdc.o
 .debug_info    0x0000adf3     0x156f ./Drivers/STM32F4xx_HAL_Driver/Src/stm32f4xx_hal_pcd.o
 .debug_info    0x0000c362      0x6ea ./Drivers/STM32F4xx_HAL_Driver/Src/stm32f4xx_hal_pcd_ex.o
 .debug_info    0x0000ca4c      0x8c7 ./Drivers/STM32F4xx_HAL_Driver/Src/stm32f4xx_hal_rcc.o
 .debug_info    0x0000d313      0x64c ./Drivers/STM32F4xx_HAL_Driver/Src/stm32f4xx_hal_rcc_ex.o
 .debug_info    0x0000d95f      0xeb4 ./Drivers/STM32F4xx_HAL_Driver/Src/stm32f4xx_hal_sdram.o
 .debug_info    0x0000e813     0x1525 ./Drivers/STM32F4xx_HAL_Driver/Src/stm32f4xx_hal_spi.o
 .debug_info    0x0000fd38      0xe08 ./Drivers/STM32F4xx_HAL_Driver/Src/stm32f4xx_ll_fmc.o
 .debug_info    0x00010b40     0x1993 ./Drivers/STM32F4xx_HAL_Driver/Src/stm32f4xx_ll_usb.o
 .debug_info    0x000124d3     0x12a3 ./Middlewares/ST/STM32_USB_Device_Library/Class/CDC/Src/usbd_cdc.o
 .debug_info    0x00013776      0xe05 ./Middlewares/ST/STM32_USB_Device_Library/Core/Src/usbd_core.o
 .debug_info    0x0001457b      0xade ./Middlewares/ST/STM32_USB_Device_Library/Core/Src/usbd_ctlreq.o
 .debug_info    0x00015059      0x755 ./Middlewares/ST/STM32_USB_Device_Library/Core/Src/usbd_ioreq.o
 .debug_info    0x000157ae      0x701 ./USB_DEVICE/App/usb_device.o
 .debug_info    0x00015eaf      0x94b ./USB_DEVICE/App/usbd_cdc_if.o
 .debug_info    0x000167fa      0x458 ./USB_DEVICE/App/usbd_desc.o
 .debug_info    0x00016c52     0x1cbb ./USB_DEVICE/Target/usbd_conf.o

.debug_abbrev   0x00000000     0x42eb
 .debug_abbrev  0x00000000      0x242 ./Core/Src/main.o
 .debug_abbrev  0x00000242       0xd8 ./Core/Src/stm32f4xx_hal_msp.o
 .debug_abbrev  0x0000031a      0x1a4 ./Core/Src/stm32f4xx_it.o
 .debug_abbrev  0x000004be      0x11a ./Core/Src/system_stm32f4xx.o
 .debug_abbrev  0x000005d8       0x24 ./Core/Startup/startup_stm32f429zitx.o
 .debug_abbrev  0x000005fc      0x194 ./Drivers/BSP/Components/ili9341/ili9341.o
 .debug_abbrev  0x00000790      0x2fc ./Drivers/BSP/STM32F429I-Discovery/stm32f429i_discovery.o
 .debug_abbrev  0x00000a8c      0x340 ./Drivers/BSP/STM32F429I-Discovery/stm32f429i_discovery_lcd.o
 .debug_abbrev  0x00000dcc      0x286 ./Drivers/BSP/STM32F429I-Discovery/stm32f429i_discovery_sdram.o
 .debug_abbrev  0x00001052      0x214 ./Drivers/STM32F4xx_HAL_Driver/Src/stm32f4xx_hal.o
 .debug_abbrev  0x00001266      0x31d ./Drivers/STM32F4xx_HAL_Driver/Src/stm32f4xx_hal_cortex.o
 .debug_abbrev  0x00001583      0x264 ./Drivers/STM32F4xx_HAL_Driver/Src/stm32f4xx_hal_dma.o
 .debug_abbrev  0x000017e7      0x23e ./Drivers/STM32F4xx_HAL_Driver/Src/stm32f4xx_hal_dma2d.o
 .debug_abbrev  0x00001a25      0x1d4 ./Drivers/STM32F4xx_HAL_Driver/Src/stm32f4xx_hal_gpio.o
 .debug_abbrev  0x00001bf9      0x233 ./Drivers/STM32F4xx_HAL_Driver/Src/stm32f4xx_hal_ltdc.o
 .debug_abbrev  0x00001e2c      0x2b9 ./Drivers/STM32F4xx_HAL_Driver/Src/stm32f4xx_hal_pcd.o
 .debug_abbrev  0x000020e5      0x1da ./Drivers/STM32F4xx_HAL_Driver/Src/stm32f4xx_hal_pcd_ex.o
 .debug_abbrev  0x000022bf      0x2b7 ./Drivers/STM32F4xx_HAL_Driver/Src/stm32f4xx_hal_rcc.o
 .debug_abbrev  0x00002576      0x1b0 ./Drivers/STM32F4xx_HAL_Driver/Src/stm32f4xx_hal_rcc_ex.o
 .debug_abbrev  0x00002726      0x240 ./Drivers/STM32F4xx_HAL_Driver/Src/stm32f4xx_hal_sdram.o
 .debug_abbrev  0x00002966      0x27a ./Drivers/STM32F4xx_HAL_Driver/Src/stm32f4xx_hal_spi.o
 .debug_abbrev  0x00002be0      0x1ab ./Drivers/STM32F4xx_HAL_Driver/Src/stm32f4xx_ll_fmc.o
 .debug_abbrev  0x00002d8b      0x2b3 ./Drivers/STM32F4xx_HAL_Driver/Src/stm32f4xx_ll_usb.o
 .debug_abbrev  0x0000303e      0x2d2 ./Middlewares/ST/STM32_USB_Device_Library/Class/CDC/Src/usbd_cdc.o
 .debug_abbrev  0x00003310      0x27c ./Middlewares/ST/STM32_USB_Device_Library/Core/Src/usbd_core.o
 .debug_abbrev  0x0000358c      0x26f ./Middlewares/ST/STM32_USB_Device_Library/Core/Src/usbd_ctlreq.o
 .debug_abbrev  0x000037fb      0x19a ./Middlewares/ST/STM32_USB_Device_Library/Core/Src/usbd_ioreq.o
 .debug_abbrev  0x00003995      0x195 ./USB_DEVICE/App/usb_device.o
 .debug_abbrev  0x00003b2a      0x2a1 ./USB_DEVICE/App/usbd_cdc_if.o
 .debug_abbrev  0x00003dcb      0x1e1 ./USB_DEVICE/App/usbd_desc.o
 .debug_abbrev  0x00003fac      0x33f ./USB_DEVICE/Target/usbd_conf.o

.debug_aranges  0x00000000     0x1608
 .debug_aranges
                0x00000000       0x38 ./Core/Src/main.o
 .debug_aranges
                0x00000038       0x20 ./Core/Src/stm32f4xx_hal_msp.o
 .debug_aranges
                0x00000058       0x68 ./Core/Src/stm32f4xx_it.o
 .debug_aranges
                0x000000c0       0x28 ./Core/Src/system_stm32f4xx.o
 .debug_aranges
                0x000000e8       0x28 ./Core/Startup/startup_stm32f429zitx.o
 .debug_aranges
                0x00000110       0x60 ./Drivers/BSP/Components/ili9341/ili9341.o
 .debug_aranges
                0x00000170      0x138 ./Drivers/BSP/STM32F429I-Discovery/stm32f429i_discovery.o
 .debug_aranges
                0x000002a8      0x1a8 ./Drivers/BSP/STM32F429I-Discovery/stm32f429i_discovery_lcd.o
 .debug_aranges
                0x00000450       0x68 ./Drivers/BSP/STM32F429I-Discovery/stm32f429i_discovery_sdram.o
 .debug_aranges
                0x000004b8      0x100 ./Drivers/STM32F4xx_HAL_Driver/Src/stm32f4xx_hal.o
 .debug_aranges
                0x000005b8      0x130 ./Drivers/STM32F4xx_HAL_Driver/Src/stm32f4xx_hal_cortex.o
 .debug_aranges
                0x000006e8       0x90 ./Drivers/STM32F4xx_HAL_Driver/Src/stm32f4xx_hal_dma.o
 .debug_aranges
                0x00000778      0x118 ./Drivers/STM32F4xx_HAL_Driver/Src/stm32f4xx_hal_dma2d.o
 .debug_aranges
                0x00000890       0x58 ./Drivers/STM32F4xx_HAL_Driver/Src/stm32f4xx_hal_gpio.o
 .debug_aranges
                0x000008e8      0x158 ./Drivers/STM32F4xx_HAL_Driver/Src/stm32f4xx_hal_ltdc.o
 .debug_aranges
                0x00000a40      0x148 ./Drivers/STM32F4xx_HAL_Driver/Src/stm32f4xx_hal_pcd.o
 .debug_aranges
                0x00000b88       0x38 ./Drivers/STM32F4xx_HAL_Driver/Src/stm32f4xx_hal_pcd_ex.o
 .debug_aranges
                0x00000bc0       0x88 ./Drivers/STM32F4xx_HAL_Driver/Src/stm32f4xx_hal_rcc.o
 .debug_aranges
                0x00000c48       0x58 ./Drivers/STM32F4xx_HAL_Driver/Src/stm32f4xx_hal_rcc_ex.o
 .debug_aranges
                0x00000ca0       0xe8 ./Drivers/STM32F4xx_HAL_Driver/Src/stm32f4xx_hal_sdram.o
 .debug_aranges
                0x00000d88      0x1d0 ./Drivers/STM32F4xx_HAL_Driver/Src/stm32f4xx_hal_spi.o
 .debug_aranges
                0x00000f58       0xf0 ./Drivers/STM32F4xx_HAL_Driver/Src/stm32f4xx_ll_fmc.o
 .debug_aranges
                0x00001048      0x1a0 ./Drivers/STM32F4xx_HAL_Driver/Src/stm32f4xx_ll_usb.o
 .debug_aranges
                0x000011e8       0x90 ./Middlewares/ST/STM32_USB_Device_Library/Class/CDC/Src/usbd_cdc.o
 .debug_aranges
                0x00001278       0xd8 ./Middlewares/ST/STM32_USB_Device_Library/Core/Src/usbd_core.o
 .debug_aranges
                0x00001350       0x90 ./Middlewares/ST/STM32_USB_Device_Library/Core/Src/usbd_ctlreq.o
 .debug_aranges
                0x000013e0       0x50 ./Middlewares/ST/STM32_USB_Device_Library/Core/Src/usbd_ioreq.o
 .debug_aranges
                0x00001430       0x20 ./USB_DEVICE/App/usb_device.o
 .debug_aranges
                0x00001450       0x48 ./USB_DEVICE/App/usbd_cdc_if.o
 .debug_aranges
                0x00001498       0x60 ./USB_DEVICE/App/usbd_desc.o
 .debug_aranges
                0x000014f8      0x110 ./USB_DEVICE/Target/usbd_conf.o

.debug_rnglists
                0x00000000     0x1096
 .debug_rnglists
                0x00000000       0x28 ./Core/Src/main.o
 .debug_rnglists
                0x00000028       0x13 ./Core/Src/stm32f4xx_hal_msp.o
 .debug_rnglists
                0x0000003b       0x49 ./Core/Src/stm32f4xx_it.o
 .debug_rnglists
                0x00000084       0x1a ./Core/Src/system_stm32f4xx.o
 .debug_rnglists
                0x0000009e       0x19 ./Core/Startup/startup_stm32f429zitx.o
 .debug_rnglists
                0x000000b7       0x44 ./Drivers/BSP/Components/ili9341/ili9341.o
 .debug_rnglists
                0x000000fb       0xea ./Drivers/BSP/STM32F429I-Discovery/stm32f429i_discovery.o
 .debug_rnglists
                0x000001e5      0x14d ./Drivers/BSP/STM32F429I-Discovery/stm32f429i_discovery_lcd.o
 .debug_rnglists
                0x00000332       0x4c ./Drivers/BSP/STM32F429I-Discovery/stm32f429i_discovery_sdram.o
 .debug_rnglists
                0x0000037e       0xbb ./Drivers/STM32F4xx_HAL_Driver/Src/stm32f4xx_hal.o
 .debug_rnglists
                0x00000439       0xe0 ./Drivers/STM32F4xx_HAL_Driver/Src/stm32f4xx_hal_cortex.o
 .debug_rnglists
                0x00000519       0x70 ./Drivers/STM32F4xx_HAL_Driver/Src/stm32f4xx_hal_dma.o
 .debug_rnglists
                0x00000589       0xdc ./Drivers/STM32F4xx_HAL_Driver/Src/stm32f4xx_hal_dma2d.o
 .debug_rnglists
                0x00000665       0x3f ./Drivers/STM32F4xx_HAL_Driver/Src/stm32f4xx_hal_gpio.o
 .debug_rnglists
                0x000006a4      0x10a ./Drivers/STM32F4xx_HAL_Driver/Src/stm32f4xx_hal_ltdc.o
 .debug_rnglists
                0x000007ae       0xfa ./Drivers/STM32F4xx_HAL_Driver/Src/stm32f4xx_hal_pcd.o
 .debug_rnglists
                0x000008a8       0x26 ./Drivers/STM32F4xx_HAL_Driver/Src/stm32f4xx_hal_pcd_ex.o
 .debug_rnglists
                0x000008ce       0x66 ./Drivers/STM32F4xx_HAL_Driver/Src/stm32f4xx_hal_rcc.o
 .debug_rnglists
                0x00000934       0x43 ./Drivers/STM32F4xx_HAL_Driver/Src/stm32f4xx_hal_rcc_ex.o
 .debug_rnglists
                0x00000977       0xb1 ./Drivers/STM32F4xx_HAL_Driver/Src/stm32f4xx_hal_sdram.o
 .debug_rnglists
                0x00000a28      0x16f ./Drivers/STM32F4xx_HAL_Driver/Src/stm32f4xx_hal_spi.o
 .debug_rnglists
                0x00000b97       0xb5 ./Drivers/STM32F4xx_HAL_Driver/Src/stm32f4xx_ll_fmc.o
 .debug_rnglists
                0x00000c4c      0x147 ./Drivers/STM32F4xx_HAL_Driver/Src/stm32f4xx_ll_usb.o
 .debug_rnglists
                0x00000d93       0x6c ./Middlewares/ST/STM32_USB_Device_Library/Class/CDC/Src/usbd_cdc.o
 .debug_rnglists
                0x00000dff       0xa1 ./Middlewares/ST/STM32_USB_Device_Library/Core/Src/usbd_core.o
 .debug_rnglists
                0x00000ea0       0x6e ./Middlewares/ST/STM32_USB_Device_Library/Core/Src/usbd_ctlreq.o
 .debug_rnglists
                0x00000f0e       0x37 ./Middlewares/ST/STM32_USB_Device_Library/Core/Src/usbd_ioreq.o
 .debug_rnglists
                0x00000f45       0x13 ./USB_DEVICE/App/usb_device.o
 .debug_rnglists